Archive member included to satisfy reference by file (symbol)

C:/ST/STM32CubeIDE_1.14.0/STM32CubeIDE/plugins/com.st.stm32cube.ide.mcu.externaltools.gnu-tools-for-stm32.12.3.rel1.win32_1.0.200.202406191623/tools/bin/../lib/gcc/arm-none-eabi/12.3.1/../../../../arm-none-eabi/lib/thumb/v7e-m+fp/hard\libc_nano.a(libc_a-exit.o)
                              C:/ST/STM32CubeIDE_1.14.0/STM32CubeIDE/plugins/com.st.stm32cube.ide.mcu.externaltools.gnu-tools-for-stm32.12.3.rel1.win32_1.0.200.202406191623/tools/bin/../lib/gcc/arm-none-eabi/12.3.1/../../../../arm-none-eabi/lib/thumb/v7e-m+fp/hard/crt0.o (exit)
C:/ST/STM32CubeIDE_1.14.0/STM32CubeIDE/plugins/com.st.stm32cube.ide.mcu.externaltools.gnu-tools-for-stm32.12.3.rel1.win32_1.0.200.202406191623/tools/bin/../lib/gcc/arm-none-eabi/12.3.1/../../../../arm-none-eabi/lib/thumb/v7e-m+fp/hard\libc_nano.a(libc_a-findfp.o)
                              C:/ST/STM32CubeIDE_1.14.0/STM32CubeIDE/plugins/com.st.stm32cube.ide.mcu.externaltools.gnu-tools-for-stm32.12.3.rel1.win32_1.0.200.202406191623/tools/bin/../lib/gcc/arm-none-eabi/12.3.1/../../../../arm-none-eabi/lib/thumb/v7e-m+fp/hard\libc_nano.a(libc_a-exit.o) (__stdio_exit_handler)
C:/ST/STM32CubeIDE_1.14.0/STM32CubeIDE/plugins/com.st.stm32cube.ide.mcu.externaltools.gnu-tools-for-stm32.12.3.rel1.win32_1.0.200.202406191623/tools/bin/../lib/gcc/arm-none-eabi/12.3.1/../../../../arm-none-eabi/lib/thumb/v7e-m+fp/hard\libc_nano.a(libc_a-fwalk.o)
                              C:/ST/STM32CubeIDE_1.14.0/STM32CubeIDE/plugins/com.st.stm32cube.ide.mcu.externaltools.gnu-tools-for-stm32.12.3.rel1.win32_1.0.200.202406191623/tools/bin/../lib/gcc/arm-none-eabi/12.3.1/../../../../arm-none-eabi/lib/thumb/v7e-m+fp/hard\libc_nano.a(libc_a-findfp.o) (_fwalk_sglue)
C:/ST/STM32CubeIDE_1.14.0/STM32CubeIDE/plugins/com.st.stm32cube.ide.mcu.externaltools.gnu-tools-for-stm32.12.3.rel1.win32_1.0.200.202406191623/tools/bin/../lib/gcc/arm-none-eabi/12.3.1/../../../../arm-none-eabi/lib/thumb/v7e-m+fp/hard\libc_nano.a(libc_a-stdio.o)
                              C:/ST/STM32CubeIDE_1.14.0/STM32CubeIDE/plugins/com.st.stm32cube.ide.mcu.externaltools.gnu-tools-for-stm32.12.3.rel1.win32_1.0.200.202406191623/tools/bin/../lib/gcc/arm-none-eabi/12.3.1/../../../../arm-none-eabi/lib/thumb/v7e-m+fp/hard\libc_nano.a(libc_a-findfp.o) (__sread)
C:/ST/STM32CubeIDE_1.14.0/STM32CubeIDE/plugins/com.st.stm32cube.ide.mcu.externaltools.gnu-tools-for-stm32.12.3.rel1.win32_1.0.200.202406191623/tools/bin/../lib/gcc/arm-none-eabi/12.3.1/../../../../arm-none-eabi/lib/thumb/v7e-m+fp/hard\libc_nano.a(libc_a-memset.o)
                              C:/ST/STM32CubeIDE_1.14.0/STM32CubeIDE/plugins/com.st.stm32cube.ide.mcu.externaltools.gnu-tools-for-stm32.12.3.rel1.win32_1.0.200.202406191623/tools/bin/../lib/gcc/arm-none-eabi/12.3.1/../../../../arm-none-eabi/lib/thumb/v7e-m+fp/hard/crt0.o (memset)
C:/ST/STM32CubeIDE_1.14.0/STM32CubeIDE/plugins/com.st.stm32cube.ide.mcu.externaltools.gnu-tools-for-stm32.12.3.rel1.win32_1.0.200.202406191623/tools/bin/../lib/gcc/arm-none-eabi/12.3.1/../../../../arm-none-eabi/lib/thumb/v7e-m+fp/hard\libc_nano.a(libc_a-closer.o)
                              C:/ST/STM32CubeIDE_1.14.0/STM32CubeIDE/plugins/com.st.stm32cube.ide.mcu.externaltools.gnu-tools-for-stm32.12.3.rel1.win32_1.0.200.202406191623/tools/bin/../lib/gcc/arm-none-eabi/12.3.1/../../../../arm-none-eabi/lib/thumb/v7e-m+fp/hard\libc_nano.a(libc_a-stdio.o) (_close_r)
C:/ST/STM32CubeIDE_1.14.0/STM32CubeIDE/plugins/com.st.stm32cube.ide.mcu.externaltools.gnu-tools-for-stm32.12.3.rel1.win32_1.0.200.202406191623/tools/bin/../lib/gcc/arm-none-eabi/12.3.1/../../../../arm-none-eabi/lib/thumb/v7e-m+fp/hard\libc_nano.a(libc_a-reent.o)
                              C:/ST/STM32CubeIDE_1.14.0/STM32CubeIDE/plugins/com.st.stm32cube.ide.mcu.externaltools.gnu-tools-for-stm32.12.3.rel1.win32_1.0.200.202406191623/tools/bin/../lib/gcc/arm-none-eabi/12.3.1/../../../../arm-none-eabi/lib/thumb/v7e-m+fp/hard\libc_nano.a(libc_a-closer.o) (errno)
C:/ST/STM32CubeIDE_1.14.0/STM32CubeIDE/plugins/com.st.stm32cube.ide.mcu.externaltools.gnu-tools-for-stm32.12.3.rel1.win32_1.0.200.202406191623/tools/bin/../lib/gcc/arm-none-eabi/12.3.1/../../../../arm-none-eabi/lib/thumb/v7e-m+fp/hard\libc_nano.a(libc_a-impure.o)
                              C:/ST/STM32CubeIDE_1.14.0/STM32CubeIDE/plugins/com.st.stm32cube.ide.mcu.externaltools.gnu-tools-for-stm32.12.3.rel1.win32_1.0.200.202406191623/tools/bin/../lib/gcc/arm-none-eabi/12.3.1/../../../../arm-none-eabi/lib/thumb/v7e-m+fp/hard\libc_nano.a(libc_a-reent.o) (_impure_ptr)
C:/ST/STM32CubeIDE_1.14.0/STM32CubeIDE/plugins/com.st.stm32cube.ide.mcu.externaltools.gnu-tools-for-stm32.12.3.rel1.win32_1.0.200.202406191623/tools/bin/../lib/gcc/arm-none-eabi/12.3.1/../../../../arm-none-eabi/lib/thumb/v7e-m+fp/hard\libc_nano.a(libc_a-lseekr.o)
[...]
Memory Configuration

Name             Origin             Length             Attributes
CCMRAM           0x10000000         0x00002000         xrw
RAM              0x20000000         0x00008000         xrw
FLASH            0x08000000         0x00020000         xr
*default*        0x00000000         0xffffffff

Linker script and memory map

LOAD C:/ST/STM32CubeIDE_1.14.0/STM32CubeIDE/plugins/com.st.stm32cube.ide.mcu.externaltools.gnu-tools-for-stm32.12.3.rel1.win32_1.0.200.202406191623/tools/bin/../lib/gcc/arm-none-eabi/12.3.1/thumb/v7e-m+fp/hard/crti.o
LOAD C:/ST/STM32CubeIDE_1.14.0/STM32CubeIDE/plugins/com.st.stm32cube.ide.mcu.externaltools.gnu-tools-for-stm32.12.3.rel1.win32_1.0.200.202406191623/tools/bin/../lib/gcc/arm-none-eabi/12.3.1/thumb/v7e-m+fp/hard/crtbegin.o
LOAD C:/ST/STM32CubeIDE_1.14.0/STM32CubeIDE/plugins/com.st.stm32cube.ide.mcu.externaltools.gnu-tools-for-stm32.12.3.rel1.win32_1.0.200.202406191623/tools/bin/../lib/gcc/arm-none-eabi/12.3.1/../../../../arm-none-eabi/lib/thumb/v7e-m+fp/hard/crt0.o
LOAD ./Core/Src/adc.o
LOAD ./Core/Src/can.o
LOAD ./Core/Src/global.o
LOAD ./Core/Src/gpio.o
LOAD ./Core/Src/i2c.o
LOAD ./Core/Src/main.o
LOAD ./Core/Src/motor.o
LOAD ./Core/Src/pid.o
LOAD ./Core/Src/spi.o
LOAD ./Core/Src/stm32f3xx_hal_msp.o
LOAD ./Core/Src/stm32f3xx_it.o
LOAD ./Core/Src/syscalls.o
LOAD ./Core/Src/sysmem.o
LOAD ./Core/Src/system_stm32f3xx.o
LOAD ./Core/Src/tim.o
LOAD ./Core/Src/usart.o
LOAD ./Core/Startup/startup_stm32f303cbtx.o
LOAD ./Drivers/STM32F3xx_HAL_Driver/Src/stm32f3xx_hal.o
LOAD ./Drivers/STM32F3xx_HAL_Driver/Src/stm32f3xx_hal_adc.o
LOAD ./Drivers/STM32F3xx_HAL_Driver/Src/stm32f3xx_hal_adc_ex.o
LOAD ./Drivers/STM32F3xx_HAL_Driver/Src/stm32f3xx_hal_can.o
LOAD ./Drivers/STM32F3xx_HAL_Driver/Src/stm32f3xx_hal_cortex.o
LOAD ./Drivers/STM32F3xx_HAL_Driver/Src/stm32f3xx_hal_dma.o
LOAD ./Drivers/STM32F3xx_HAL_Driver/Src/stm32f3xx_hal_exti.o
LOAD ./Drivers/STM32F3xx_HAL_Driver/Src/stm32f3xx_hal_flash.o
LOAD ./Drivers/STM32F3xx_HAL_Driver/Src/stm32f3xx_hal_flash_ex.o
LOAD ./Drivers/STM32F3xx_HAL_Driver/Src/stm32f3xx_hal_gpio.o
LOAD ./Drivers/STM32F3xx_HAL_Driver/Src/stm32f3xx_hal_i2c.o
LOAD ./Drivers/STM32F3xx_HAL_Driver/Src/stm32f3xx_hal_i2c_ex.o
LOAD ./Drivers/STM32F3xx_HAL_Driver/Src/stm32f3xx_hal_pwr.o
LOAD ./Drivers/STM32F3xx_HAL_Driver/Src/stm32f3xx_hal_pwr_ex.o
LOAD ./Drivers/STM32F3xx_HAL_Driver/Src/stm32f3xx_hal_rcc.o
LOAD ./Drivers/STM32F3xx_HAL_Driver/Src/stm32f3xx_hal_rcc_ex.o
LOAD ./Drivers/STM32F3xx_HAL_Driver/Src/stm32f3xx_hal_spi.o
LOAD ./Drivers/STM32F3xx_HAL_Driver/Src/stm32f3xx_hal_spi_ex.o
LOAD ./Drivers/STM32F3xx_HAL_Driver/Src/stm32f3xx_hal_tim.o
LOAD ./Drivers/STM32F3xx_HAL_Driver/Src/stm32f3xx_hal_tim_ex.o
LOAD ./Drivers/STM32F3xx_HAL_Driver/Src/stm32f3xx_hal_uart.o
LOAD ./Drivers/STM32F3xx_HAL_Driver/Src/stm32f3xx_hal_uart_ex.o
START GROUP
LOAD C:/ST/STM32CubeIDE_1.14.0/STM32CubeIDE/plugins/com.st.stm32cube.ide.mcu.externaltools.gnu-tools-for-stm32.12.3.rel1.win32_1.0.200.202406191623/tools/bin/../lib/gcc/arm-none-eabi/12.3.1/../../../../arm-none-eabi/lib/thumb/v7e-m+fp/hard\libstdc++_nano.a
LOAD C:/ST/STM32CubeIDE_1.14.0/STM32CubeIDE/plugins/com.st.stm32cube.ide.mcu.externaltools.gnu-tools-for-stm32.12.3.rel1.win32_1.0.200.202406191623/tools/bin/../lib/gcc/arm-none-eabi/12.3.1/../../../../arm-none-eabi/lib/thumb/v7e-m+fp/hard\libsupc++_nano.a
END GROUP
LOAD C:/ST/STM32CubeIDE_1.14.0/STM32CubeIDE/plugins/com.st.stm32cube.ide.mcu.externaltools.gnu-tools-for-stm32.12.3.rel1.win32_1.0.200.202406191623/tools/bin/../lib/gcc/arm-none-eabi/12.3.1/../../../../arm-none-eabi/lib/thumb/v7e-m+fp/hard\libstdc++_nano.a
LOAD C:/ST/STM32CubeIDE_1.14.0/STM32CubeIDE/plugins/com.st.stm32cube.ide.mcu.externaltools.gnu-tools-for-stm32.12.3.rel1.win32_1.0.200.202406191623/tools/bin/../lib/gcc/arm-none-eabi/12.3.1/../../../../arm-none-eabi/lib/thumb/v7e-m+fp/hard\libm.a
LOAD C:/ST/STM32CubeIDE_1.14.0/STM32CubeIDE/plugins/com.st.stm32cube.ide.mcu.externaltools.gnu-tools-for-stm32.12.3.rel1.win32_1.0.200.202406191623/tools/bin/../lib/gcc/arm-none-eabi/12.3.1/../../../../arm-none-eabi/lib/thumb/v7e-m+fp/hard\libc_nano.a
START GROUP
LOAD C:/ST/STM32CubeIDE_1.14.0/STM32CubeIDE/plugins/com.st.stm32cube.ide.mcu.externaltools.gnu-tools-for-stm32.12.3.rel1.win32_1.0.200.202406191623/tools/bin/../lib/gcc/arm-none-eabi/12.3.1/thumb/v7e-m+fp/hard\libgcc.a
LOAD C:/ST/STM32CubeIDE_1.14.0/STM32CubeIDE/plugins/com.st.stm32cube.ide.mcu.externaltools.gnu-tools-for-stm32.12.3.rel1.win32_1.0.200.202406191623/tools/bin/../lib/gcc/arm-none-eabi/12.3.1/../../../../arm-none-eabi/lib/thumb/v7e-m+fp/hard\libc_nano.a
END GROUP
START GROUP
LOAD C:/ST/STM32CubeIDE_1.14.0/STM32CubeIDE/plugins/com.st.stm32cube.ide.mcu.externaltools.gnu-tools-for-stm32.12.3.rel1.win32_1.0.200.202406191623/tools/bin/../lib/gcc/arm-none-eabi/12.3.1/thumb/v7e-m+fp/hard\libgcc.a
LOAD C:/ST/STM32CubeIDE_1.14.0/STM32CubeIDE/plugins/com.st.stm32cube.ide.mcu.externaltools.gnu-tools-for-stm32.12.3.rel1.win32_1.0.200.202406191623/tools/bin/../lib/gcc/arm-none-eabi/12.3.1/../../../../arm-none-eabi/lib/thumb/v7e-m+fp/hard\libc_nano.a
LOAD C:/ST/STM32CubeIDE_1.14.0/STM32CubeIDE/plugins/com.st.stm32cube.ide.mcu.externaltools.gnu-tools-for-stm32.12.3.rel1.win32_1.0.200.202406191623/tools/bin/../lib/gcc/arm-none-eabi/12.3.1/../../../../arm-none-eabi/lib/thumb/v7e-m+fp/hard\libnosys.a
END GROUP
START GROUP
LOAD C:/ST/STM32CubeIDE_1.14.0/STM32CubeIDE/plugins/com.st.stm32cube.ide.mcu.externaltools.gnu-tools-for-stm32.12.3.rel1.win32_1.0.200.202406191623/tools/bin/../lib/gcc/arm-none-eabi/12.3.1/thumb/v7e-m+fp/hard\libgcc.a
LOAD C:/ST/STM32CubeIDE_1.14.0/STM32CubeIDE/plugins/com.st.stm32cube.ide.mcu.externaltools.gnu-tools-for-stm32.12.3.rel1.win32_1.0.200.202406191623/tools/bin/../lib/gcc/arm-none-eabi/12.3.1/../../../../arm-none-eabi/lib/thumb/v7e-m+fp/hard\libc_nano.a
LOAD C:/ST/STM32CubeIDE_1.14.0/STM32CubeIDE/plugins/com.st.stm32cube.ide.mcu.externaltools.gnu-tools-for-stm32.12.3.rel1.win32_1.0.200.202406191623/tools/bin/../lib/gcc/arm-none-eabi/12.3.1/../../../../arm-none-eabi/lib/thumb/v7e-m+fp/hard\libnosys.a
END GROUP
LOAD C:/ST/STM32CubeIDE_1.14.0/STM32CubeIDE/plugins/com.st.stm32cube.ide.mcu.externaltools.gnu-tools-for-stm32.12.3.rel1.win32_1.0.200.202406191623/tools/bin/../lib/gcc/arm-none-eabi/12.3.1/thumb/v7e-m+fp/hard/crtend.o
LOAD C:/ST/STM32CubeIDE_1.14.0/STM32CubeIDE/plugins/com.st.stm32cube.ide.mcu.externaltools.gnu-tools-for-stm32.12.3.rel1.win32_1.0.200.202406191623/tools/bin/../lib/gcc/arm-none-eabi/12.3.1/thumb/v7e-m+fp/hard/crtn.o
                0x20008000                        _estack = (ORIGIN (RAM) + LENGTH (RAM))
                0x00000200                        _Min_Heap_Size = 0x200
                0x00000400                        _Min_Stack_Size = 0x400

.isr_vector     0x08000000      0x188
                0x08000000                        . = ALIGN (0x4)
 *(.isr_vector)
 .isr_vector    0x08000000      0x188 ./Core/Startup/startup_stm32f303cbtx.o
                0x08000000                g_pfnVectors
                0x08000188                        . = ALIGN (0x4)

.text           0x08000188     0xa39c
                0x08000188                        . = ALIGN (0x4)
 *(.text)
 .text          0x08000188       0x40 C:/ST/STM32CubeIDE_1.14.0/STM32CubeIDE/plugins/com.st.stm32cube.ide.mcu.externaltools.gnu-tools-for-stm32.12.3.rel1.win32_1.0.200.202406191623/tools/bin/../lib/gcc/arm-none-eabi/12.3.1/thumb/v7e-m+fp/hard/crtbegin.o
 .text          0x080001c8      0x378 C:/ST/STM32CubeIDE_1.14.0/STM32CubeIDE/plugins/com.st.stm32cube.ide.mcu.externaltools.gnu-tools-for-stm32.12.3.rel1.win32_1.0.200.202406191623/tools/bin/../lib/gcc/arm-none-eabi/12.3.1/thumb/v7e-m+fp/hard\libgcc.a(_arm_addsubdf3.o)
                0x080001c8                __aeabi_drsub
                0x080001d0                __aeabi_dsub
                0x080001d0                __subdf3
                0x080001d4                __aeabi_dadd
                0x080001d4                __adddf3
                0x0800044c                __floatunsidf
                0x0800044c                __aeabi_ui2d
                0x0800046c                __floatsidf
                0x0800046c                __aeabi_i2d
                0x08000490                __aeabi_f2d
                0x08000490                __extendsfdf2
                0x080004d4                __floatundidf
                0x080004d4                __aeabi_ul2d
                0x080004e4                __floatdidf
                0x080004e4                __aeabi_l2d
 .text          0x08000540      0x424 C:/ST/STM32CubeIDE_1.14.0/STM32CubeIDE/plugins/com.st.stm32cube.ide.mcu.externaltools.gnu-tools-for-stm32.12.3.rel1.win32_1.0.200.202406191623/tools/bin/../lib/gcc/arm-none-eabi/12.3.1/thumb/v7e-m+fp/hard\libgcc.a(_arm_muldivdf3.o)
                0x08000540                __aeabi_dmul
                0x08000540                __muldf3
                0x08000794                __divdf3
                0x08000794                __aeabi_ddiv
 .text          0x08000964      0x110 C:/ST/STM32CubeIDE_1.14.0/STM32CubeIDE/plugins/com.st.stm32cube.ide.mcu.externaltools.gnu-tools-for-stm32.12.3.rel1.win32_1.0.200.202406191623/tools/bin/../lib/gcc/arm-none-eabi/12.3.1/thumb/v7e-m+fp/hard\libgcc.a(_arm_cmpdf2.o)
                0x08000964                __gtdf2
                0x08000964                __gedf2
                0x0800096c                __ltdf2
                0x0800096c                __ledf2
                0x08000974                __nedf2
                0x08000974                __eqdf2
                0x08000974                __cmpdf2
                0x080009f0                __aeabi_cdrcmple
                0x08000a00                __aeabi_cdcmpeq
                0x08000a00                __aeabi_cdcmple
                0x08000a10                __aeabi_dcmpeq
                0x08000a24                __aeabi_dcmplt
                0x08000a38                __aeabi_dcmple
                0x08000a4c                __aeabi_dcmpge
                0x08000a60                __aeabi_dcmpgt
 .text          0x08000a74       0x50 C:/ST/STM32CubeIDE_1.14.0/STM32CubeIDE/plugins/com.st.stm32cube.ide.mcu.externaltools.gnu-tools-for-stm32.12.3.rel1.win32_1.0.200.202406191623/tools/bin/../lib/gcc/arm-none-eabi/12.3.1/thumb/v7e-m+fp/hard\libgcc.a(_arm_fixdfsi.o)
                0x08000a74                __aeabi_d2iz
                0x08000a74                __fixdfsi
 .text          0x08000ac4       0xa0 C:/ST/STM32CubeIDE_1.14.0/STM32CubeIDE/plugins/com.st.stm32cube.ide.mcu.externaltools.gnu-tools-for-stm32.12.3.rel1.win32_1.0.200.202406191623/tools/bin/../lib/gcc/arm-none-eabi/12.3.1/thumb/v7e-m+fp/hard\libgcc.a(_arm_truncdfsf2.o)
                0x08000ac4                __truncdfsf2
                0x08000ac4                __aeabi_d2f
 .text          0x08000b64       0xa0 C:/ST/STM32CubeIDE_1.14.0/STM32CubeIDE/plugins/com.st.stm32cube.ide.mcu.externaltools.gnu-tools-for-stm32.12.3.rel1.win32_1.0.200.202406191623/tools/bin/../lib/gcc/arm-none-eabi/12.3.1/thumb/v7e-m+fp/hard\libgcc.a(_aeabi_ldivmod.o)
                0x08000b64                __aeabi_ldivmod
 .text          0x08000c04      0x2bc C:/ST/STM32CubeIDE_1.14.0/STM32CubeIDE/plugins/com.st.stm32cube.ide.mcu.externaltools.gnu-tools-for-stm32.12.3.rel1.win32_1.0.200.202406191623/tools/bin/../lib/gcc/arm-none-eabi/12.3.1/thumb/v7e-m+fp/hard\libgcc.a(_udivmoddi4.o)
                0x08000c04                __udivmoddi4
 .text          0x08000ec0        0x4 C:/ST/STM32CubeIDE_1.14.0/STM32CubeIDE/plugins/com.st.stm32cube.ide.mcu.externaltools.gnu-tools-for-stm32.12.3.rel1.win32_1.0.200.202406191623/tools/bin/../lib/gcc/arm-none-eabi/12.3.1/thumb/v7e-m+fp/hard\libgcc.a(_dvmd_tls.o)
                0x08000ec0                __aeabi_idiv0
                0x08000ec0                __aeabi_ldiv0
 *(.text*)
 .text.MX_ADC2_Init
                0x08000ec4       0xbc ./Core/Src/adc.o
                0x08000ec4                MX_ADC2_Init
 .text.HAL_ADC_MspInit
                0x08000f80       0x80 ./Core/Src/adc.o
                0x08000f80                HAL_ADC_MspInit
 .text.CAN_sendError
                0x08001000       0x4c ./Core/Src/can.o
                0x08001000                CAN_sendError
 .text.CAN_sendHeartbeat
                0x0800104c       0x30 ./Core/Src/can.o
                0x0800104c                CAN_sendHeartbeat
 .text.HAL_CAN_RxFifo0MsgPendingCallback
                0x0800107c      0xa88 ./Core/Src/can.o
                0x0800107c                HAL_CAN_RxFifo0MsgPendingCallback
 .text.MX_CAN_Init
                0x08001b04      0x150 ./Core/Src/can.o
                0x08001b04                MX_CAN_Init
 .text.HAL_CAN_MspInit
                0x08001c54       0x98 ./Core/Src/can.o
                0x08001c54                HAL_CAN_MspInit
 .text.CAN_Transmit_Encoder_Data
                0x08001cec       0xc0 ./Core/Src/can.o
                0x08001cec                CAN_Transmit_Encoder_Data
 .text.HAL_CAN_RxFifo0FullCallback
                0x08001dac       0x18 ./Core/Src/can.o
                0x08001dac                HAL_CAN_RxFifo0FullCallback
 .text.degreesToPosition
                0x08001dc4       0x48 ./Core/Src/global.o
                0x08001dc4                degreesToPosition
 .text.positionToDegrees
                0x08001e0c       0xcc ./Core/Src/global.o
                0x08001e0c                positionToDegrees
 .text.MX_GPIO_Init
                0x08001ed8       0xe0 ./Core/Src/gpio.o
                0x08001ed8                MX_GPIO_Init
 .text.MX_I2C1_Init
                0x08001fb8       0x80 ./Core/Src/i2c.o
                0x08001fb8                MX_I2C1_Init
 .text.HAL_I2C_MspInit
                0x08002038       0xc4 ./Core/Src/i2c.o
                0x08002038                HAL_I2C_MspInit
 .text.EEPROM_read
                0x080020fc       0x44 ./Core/Src/i2c.o
                0x080020fc                EEPROM_read
 .text.EEPROM_write
                0x08002140       0xac ./Core/Src/i2c.o
                0x08002140                EEPROM_write
 .text.main     0x080021ec       0xe0 ./Core/Src/main.o
                0x080021ec                main
 .text.SystemClock_Config
                0x080022cc       0xc6 ./Core/Src/main.o
                0x080022cc                SystemClock_Config
 .text.Error_Handler
                0x08002392        0xc ./Core/Src/main.o
                0x08002392                Error_Handler
 *fill*         0x0800239e        0x2 
 .text.MOTOR_Start_Forward
                0x080023a0       0x70 ./Core/Src/motor.o
                0x080023a0                MOTOR_Start_Forward
 .text.MOTOR_Stop
                0x08002410        0xe ./Core/Src/motor.o
                0x08002410                MOTOR_Stop
 *fill*         0x0800241e        0x2 
 .text.MOTOR_Set_Position
                0x08002420       0x44 ./Core/Src/motor.o
                0x08002420                MOTOR_Set_Position
 .text.MOTOR_Keep_Position
                0x08002464       0x48 ./Core/Src/motor.o
                0x08002464                MOTOR_Keep_Position
 .text.MOTOR_Set_Speed
                0x080024ac       0x4c ./Core/Src/motor.o
                0x080024ac                MOTOR_Set_Speed
 .text.MOTOR_PID_Tick
                0x080024f8      0x260 ./Core/Src/motor.o
                0x080024f8                MOTOR_PID_Tick
 .text.setPidToAngle
                0x08002758       0x28 ./Core/Src/pid.o
                0x08002758                setPidToAngle
 .text.setPidToSpeed
                0x08002780       0x28 ./Core/Src/pid.o
                0x08002780                setPidToSpeed
 .text.PID_setPID
                0x080027a8       0x58 ./Core/Src/pid.o
                0x080027a8                PID_setPID
 .text.PID_reset
                0x08002800       0x2c ./Core/Src/pid.o
                0x08002800                PID_reset
 .text.PID_calculate
                0x0800282c      0x1c0 ./Core/Src/pid.o
                0x0800282c                PID_calculate
 .text.MX_SPI2_Init
                0x080029ec       0x7c ./Core/Src/spi.o
                0x080029ec                MX_SPI2_Init
 .text.HAL_SPI_MspInit
                0x08002a68       0x88 ./Core/Src/spi.o
                0x08002a68                HAL_SPI_MspInit
 .text.CRC_SPI_97_64bit
                0x08002af0      0x11c ./Core/Src/spi.o
                0x08002af0                CRC_SPI_97_64bit
 .text.SPI_Recive
                0x08002c0c      0x188 ./Core/Src/spi.o
                0x08002c0c                SPI_Recive
 .text.HAL_MspInit
                0x08002d94       0x48 ./Core/Src/stm32f3xx_hal_msp.o
                0x08002d94                HAL_MspInit
 .text.NMI_Handler
                0x08002ddc        0xc ./Core/Src/stm32f3xx_it.o
                0x08002ddc                NMI_Handler
 .text.HardFault_Handler
                0x08002de8        0x8 ./Core/Src/stm32f3xx_it.o
                0x08002de8                HardFault_Handler
 .text.MemManage_Handler
                0x08002df0        0x8 ./Core/Src/stm32f3xx_it.o
                0x08002df0                MemManage_Handler
 .text.BusFault_Handler
                0x08002df8        0x8 ./Core/Src/stm32f3xx_it.o
                0x08002df8                BusFault_Handler
 .text.UsageFault_Handler
                0x08002e00        0x8 ./Core/Src/stm32f3xx_it.o
                0x08002e00                UsageFault_Handler
 .text.SVC_Handler
                0x08002e08        0xe ./Core/Src/stm32f3xx_it.o
                0x08002e08                SVC_Handler
 .text.DebugMon_Handler
                0x08002e16        0xe ./Core/Src/stm32f3xx_it.o
                0x08002e16                DebugMon_Handler
 .text.PendSV_Handler
                0x08002e24        0xe ./Core/Src/stm32f3xx_it.o
                0x08002e24                PendSV_Handler
 .text.SysTick_Handler
                0x08002e32        0xc ./Core/Src/stm32f3xx_it.o
                0x08002e32                SysTick_Handler
 *fill*         0x08002e3e        0x2 
 .text.USB_LP_CAN_RX0_IRQHandler
                0x08002e40       0x14 ./Core/Src/stm32f3xx_it.o
                0x08002e40                USB_LP_CAN_RX0_IRQHandler
 .text.TIM2_IRQHandler
                0x08002e54       0x14 ./Core/Src/stm32f3xx_it.o
                0x08002e54                TIM2_IRQHandler
 .text.SystemInit
                0x08002e68       0x24 ./Core/Src/system_stm32f3xx.o
                0x08002e68                SystemInit
 .text.MX_TIM2_Init
                0x08002e8c       0xa4 ./Core/Src/tim.o
                0x08002e8c                MX_TIM2_Init
 .text.MX_TIM17_Init
                0x08002f30       0xfc ./Core/Src/tim.o
                0x08002f30                MX_TIM17_Init
 .text.HAL_TIM_Base_MspInit
                0x0800302c       0x70 ./Core/Src/tim.o
                0x0800302c                HAL_TIM_Base_MspInit
 .text.HAL_TIM_MspPostInit
                0x0800309c       0x6c ./Core/Src/tim.o
                0x0800309c                HAL_TIM_MspPostInit
 .text.HAL_TIM_PeriodElapsedCallback
                0x08003108      0x450 ./Core/Src/tim.o
                0x08003108                HAL_TIM_PeriodElapsedCallback
 .text.MX_USART1_UART_Init
                0x08003558       0x60 ./Core/Src/usart.o
                0x08003558                MX_USART1_UART_Init
 .text.HAL_UART_MspInit
                0x080035b8       0x88 ./Core/Src/usart.o
                0x080035b8                HAL_UART_MspInit
 .text.Motor_SetSpeed
                0x08003640       0x8c ./Core/Src/usart.o
                0x08003640                Motor_SetSpeed
 .text.Reset_Handler
                0x080036cc       0x50 ./Core/Startup/startup_stm32f303cbtx.o
                0x080036cc                Reset_Handler
 .text.Default_Handler
                0x0800371c        0x2 ./Core/Startup/startup_stm32f303cbtx.o
                0x0800371c                RTC_Alarm_IRQHandler
                0x0800371c                TIM8_TRG_COM_IRQHandler
                0x0800371c                TIM8_CC_IRQHandler
                0x0800371c                TIM1_CC_IRQHandler
                0x0800371c                USB_HP_IRQHandler
                0x0800371c                PVD_IRQHandler
                0x0800371c                TAMP_STAMP_IRQHandler
                0x0800371c                EXTI3_IRQHandler
                0x0800371c                USB_HP_CAN_TX_IRQHandler
                0x0800371c                EXTI0_IRQHandler
                0x0800371c                I2C2_EV_IRQHandler
                0x0800371c                FPU_IRQHandler
                0x0800371c                TIM1_UP_TIM16_IRQHandler
                0x0800371c                ADC1_2_IRQHandler
                0x0800371c                SPI1_IRQHandler
                0x0800371c                CAN_SCE_IRQHandler
                0x0800371c                TIM6_DAC_IRQHandler
                0x0800371c                TIM8_UP_IRQHandler
                0x0800371c                DMA2_Channel2_IRQHandler
                0x0800371c                DMA1_Channel4_IRQHandler
                0x0800371c                USART3_IRQHandler
                0x0800371c                DMA1_Channel7_IRQHandler
                0x0800371c                UART5_IRQHandler
                0x0800371c                ADC3_IRQHandler
                0x0800371c                TIM4_IRQHandler
                0x0800371c                CAN_RX1_IRQHandler
                0x0800371c                DMA2_Channel1_IRQHandler
                0x0800371c                I2C1_EV_IRQHandler
                0x0800371c                DMA1_Channel6_IRQHandler
                0x0800371c                UART4_IRQHandler
                0x0800371c                DMA2_Channel4_IRQHandler
                0x0800371c                TIM3_IRQHandler
                0x0800371c                RCC_IRQHandler
                0x0800371c                DMA1_Channel1_IRQHandler
                0x0800371c                Default_Handler
                0x0800371c                USBWakeUp_RMP_IRQHandler
                0x0800371c                EXTI15_10_IRQHandler
                0x0800371c                TIM7_IRQHandler
                0x0800371c                EXTI9_5_IRQHandler
                0x0800371c                RTC_WKUP_IRQHandler
                0x0800371c                SPI2_IRQHandler
                0x0800371c                DMA2_Channel5_IRQHandler
                0x0800371c                DMA1_Channel5_IRQHandler
                0x0800371c                USB_LP_IRQHandler
                0x0800371c                EXTI4_IRQHandler
                0x0800371c                TIM1_TRG_COM_TIM17_IRQHandler
                0x0800371c                DMA1_Channel3_IRQHandler
                0x0800371c                ADC4_IRQHandler
                0x0800371c                WWDG_IRQHandler
                0x0800371c                COMP7_IRQHandler
                0x0800371c                COMP1_2_3_IRQHandler
                0x0800371c                EXTI1_IRQHandler
                0x0800371c                USART2_IRQHandler
                0x0800371c                COMP4_5_6_IRQHandler
                0x0800371c                I2C2_ER_IRQHandler
                0x0800371c                DMA1_Channel2_IRQHandler
                0x0800371c                TIM8_BRK_IRQHandler
                0x0800371c                FLASH_IRQHandler
                0x0800371c                USART1_IRQHandler
                0x0800371c                SPI3_IRQHandler
                0x0800371c                I2C1_ER_IRQHandler
                0x0800371c                USBWakeUp_IRQHandler
                0x0800371c                DMA2_Channel3_IRQHandler
                0x0800371c                EXTI2_TSC_IRQHandler
                0x0800371c                TIM1_BRK_TIM15_IRQHandler
 *fill*         0x0800371e        0x2 
 .text.HAL_Init
                0x08003720       0x2c ./Drivers/STM32F3xx_HAL_Driver/Src/stm32f3xx_hal.o
                0x08003720                HAL_Init
 .text.HAL_InitTick
                0x0800374c       0x60 ./Drivers/STM32F3xx_HAL_Driver/Src/stm32f3xx_hal.o
                0x0800374c                HAL_InitTick
 .text.HAL_IncTick
                0x080037ac       0x28 ./Drivers/STM32F3xx_HAL_Driver/Src/stm32f3xx_hal.o
                0x080037ac                HAL_IncTick
 .text.HAL_GetTick
                0x080037d4       0x18 ./Drivers/STM32F3xx_HAL_Driver/Src/stm32f3xx_hal.o
                0x080037d4                HAL_GetTick
 .text.HAL_Delay
                0x080037ec       0x48 ./Drivers/STM32F3xx_HAL_Driver/Src/stm32f3xx_hal.o
                0x080037ec                HAL_Delay
 .text.HAL_ADC_Init
                0x08003834      0x3c0 ./Drivers/STM32F3xx_HAL_Driver/Src/stm32f3xx_hal_adc_ex.o
                0x08003834                HAL_ADC_Init
 .text.HAL_ADC_Start
                0x08003bf4      0x22c ./Drivers/STM32F3xx_HAL_Driver/Src/stm32f3xx_hal_adc_ex.o
                0x08003bf4                HAL_ADC_Start
 .text.HAL_ADC_ConfigChannel
                0x08003e20      0x5d4 ./Drivers/STM32F3xx_HAL_Driver/Src/stm32f3xx_hal_adc_ex.o
                0x08003e20                HAL_ADC_ConfigChannel
 .text.ADC_Enable
                0x080043f4       0xc8 ./Drivers/STM32F3xx_HAL_Driver/Src/stm32f3xx_hal_adc_ex.o
 .text.ADC_Disable
                0x080044bc       0xcc ./Drivers/STM32F3xx_HAL_Driver/Src/stm32f3xx_hal_adc_ex.o
 .text.HAL_CAN_Init
                0x08004588      0x1f6 ./Drivers/STM32F3xx_HAL_Driver/Src/stm32f3xx_hal_can.o
                0x08004588                HAL_CAN_Init
 .text.HAL_CAN_ConfigFilter
                0x0800477e      0x194 ./Drivers/STM32F3xx_HAL_Driver/Src/stm32f3xx_hal_can.o
                0x0800477e                HAL_CAN_ConfigFilter
 .text.HAL_CAN_Start
                0x08004912       0x88 ./Drivers/STM32F3xx_HAL_Driver/Src/stm32f3xx_hal_can.o
                0x08004912                HAL_CAN_Start
 .text.HAL_CAN_AddTxMessage
                0x0800499a      0x1b6 ./Drivers/STM32F3xx_HAL_Driver/Src/stm32f3xx_hal_can.o
                0x0800499a                HAL_CAN_AddTxMessage
 .text.HAL_CAN_GetRxMessage
                0x08004b50      0x224 ./Drivers/STM32F3xx_HAL_Driver/Src/stm32f3xx_hal_can.o
                0x08004b50                HAL_CAN_GetRxMessage
 .text.HAL_CAN_ActivateNotification
                0x08004d74       0x4c ./Drivers/STM32F3xx_HAL_Driver/Src/stm32f3xx_hal_can.o
                0x08004d74                HAL_CAN_ActivateNotification
 .text.HAL_CAN_IRQHandler
                0x08004dc0      0x36e ./Drivers/STM32F3xx_HAL_Driver/Src/stm32f3xx_hal_can.o
                0x08004dc0                HAL_CAN_IRQHandler
 .text.HAL_CAN_TxMailbox0CompleteCallback
                0x0800512e       0x14 ./Drivers/STM32F3xx_HAL_Driver/Src/stm32f3xx_hal_can.o
                0x0800512e                HAL_CAN_TxMailbox0CompleteCallback
 .text.HAL_CAN_TxMailbox1CompleteCallback
                0x08005142       0x14 ./Drivers/STM32F3xx_HAL_Driver/Src/stm32f3xx_hal_can.o
                0x08005142                HAL_CAN_TxMailbox1CompleteCallback
 .text.HAL_CAN_TxMailbox2CompleteCallback
                0x08005156       0x14 ./Drivers/STM32F3xx_HAL_Driver/Src/stm32f3xx_hal_can.o
                0x08005156                HAL_CAN_TxMailbox2CompleteCallback
 .text.HAL_CAN_TxMailbox0AbortCallback
                0x0800516a       0x14 ./Drivers/STM32F3xx_HAL_Driver/Src/stm32f3xx_hal_can.o
                0x0800516a                HAL_CAN_TxMailbox0AbortCallback
 .text.HAL_CAN_TxMailbox1AbortCallback
                0x0800517e       0x14 ./Drivers/STM32F3xx_HAL_Driver/Src/stm32f3xx_hal_can.o
                0x0800517e                HAL_CAN_TxMailbox1AbortCallback
 .text.HAL_CAN_TxMailbox2AbortCallback
                0x08005192       0x14 ./Drivers/STM32F3xx_HAL_Driver/Src/stm32f3xx_hal_can.o
                0x08005192                HAL_CAN_TxMailbox2AbortCallback
 .text.HAL_CAN_RxFifo1MsgPendingCallback
                0x080051a6       0x14 ./Drivers/STM32F3xx_HAL_Driver/Src/stm32f3xx_hal_can.o
                0x080051a6                HAL_CAN_RxFifo1MsgPendingCallback
 .text.HAL_CAN_RxFifo1FullCallback
                0x080051ba       0x14 ./Drivers/STM32F3xx_HAL_Driver/Src/stm32f3xx_hal_can.o
                0x080051ba                HAL_CAN_RxFifo1FullCallback
 .text.HAL_CAN_SleepCallback
                0x080051ce       0x14 ./Drivers/STM32F3xx_HAL_Driver/Src/stm32f3xx_hal_can.o
                0x080051ce                HAL_CAN_SleepCallback
 .text.HAL_CAN_WakeUpFromRxMsgCallback
                0x080051e2       0x14 ./Drivers/STM32F3xx_HAL_Driver/Src/stm32f3xx_hal_can.o
                0x080051e2                HAL_CAN_WakeUpFromRxMsgCallback
 .text.HAL_CAN_ErrorCallback
                0x080051f6       0x14 ./Drivers/STM32F3xx_HAL_Driver/Src/stm32f3xx_hal_can.o
                0x080051f6                HAL_CAN_ErrorCallback
 *fill*         0x0800520a        0x2 
 .text.__NVIC_SetPriorityGrouping
                0x0800520c       0x48 ./Drivers/STM32F3xx_HAL_Driver/Src/stm32f3xx_hal_cortex.o
 .text.__NVIC_GetPriorityGrouping
                0x08005254       0x1c ./Drivers/STM32F3xx_HAL_Driver/Src/stm32f3xx_hal_cortex.o
 .text.__NVIC_EnableIRQ
                0x08005270       0x3c ./Drivers/STM32F3xx_HAL_Driver/Src/stm32f3xx_hal_cortex.o
 .text.__NVIC_SetPriority
                0x080052ac       0x54 ./Drivers/STM32F3xx_HAL_Driver/Src/stm32f3xx_hal_cortex.o
 .text.NVIC_EncodePriority
                0x08005300       0x66 ./Drivers/STM32F3xx_HAL_Driver/Src/stm32f3xx_hal_cortex.o
 *fill*         0x08005366        0x2 
 .text.__NVIC_SystemReset
                0x08005368       0x2c ./Drivers/STM32F3xx_HAL_Driver/Src/stm32f3xx_hal_cortex.o
 .text.SysTick_Config
                0x08005394       0x44 ./Drivers/STM32F3xx_HAL_Driver/Src/stm32f3xx_hal_cortex.o
 .text.HAL_NVIC_SetPriorityGrouping
                0x080053d8       0x16 ./Drivers/STM32F3xx_HAL_Driver/Src/stm32f3xx_hal_cortex.o
                0x080053d8                HAL_NVIC_SetPriorityGrouping
 .text.HAL_NVIC_SetPriority
                0x080053ee       0x38 ./Drivers/STM32F3xx_HAL_Driver/Src/stm32f3xx_hal_cortex.o
                0x080053ee                HAL_NVIC_SetPriority
 .text.HAL_NVIC_EnableIRQ
                0x08005426       0x1c ./Drivers/STM32F3xx_HAL_Driver/Src/stm32f3xx_hal_cortex.o
                0x08005426                HAL_NVIC_EnableIRQ
 .text.HAL_NVIC_SystemReset
                0x08005442        0x8 ./Drivers/STM32F3xx_HAL_Driver/Src/stm32f3xx_hal_cortex.o
                0x08005442                HAL_NVIC_SystemReset
 .text.HAL_SYSTICK_Config
                0x0800544a       0x18 ./Drivers/STM32F3xx_HAL_Driver/Src/stm32f3xx_hal_cortex.o
                0x0800544a                HAL_SYSTICK_Config
 *fill*         0x08005462        0x2 
 .text.HAL_GPIO_Init
                0x08005464      0x2f4 ./Drivers/STM32F3xx_HAL_Driver/Src/stm32f3xx_hal_gpio.o
                0x08005464                HAL_GPIO_Init
 .text.HAL_GPIO_WritePin
                0x08005758       0x30 ./Drivers/STM32F3xx_HAL_Driver/Src/stm32f3xx_hal_gpio.o
                0x08005758                HAL_GPIO_WritePin
 .text.HAL_GPIO_TogglePin
                0x08005788       0x34 ./Drivers/STM32F3xx_HAL_Driver/Src/stm32f3xx_hal_gpio.o
                0x08005788                HAL_GPIO_TogglePin
 .text.HAL_I2C_Init
                0x080057bc      0x11e ./Drivers/STM32F3xx_HAL_Driver/Src/stm32f3xx_hal_i2c.o
                0x080057bc                HAL_I2C_Init
 *fill*         0x080058da        0x2 
 .text.HAL_I2C_Mem_Write
                0x080058dc      0x228 ./Drivers/STM32F3xx_HAL_Driver/Src/stm32f3xx_hal_i2c.o
                0x080058dc                HAL_I2C_Mem_Write
 .text.HAL_I2C_Mem_Read
                0x08005b04      0x234 ./Drivers/STM32F3xx_HAL_Driver/Src/stm32f3xx_hal_i2c.o
                0x08005b04                HAL_I2C_Mem_Read
 .text.I2C_RequestMemoryWrite
                0x08005d38       0xa8 ./Drivers/STM32F3xx_HAL_Driver/Src/stm32f3xx_hal_i2c.o
 .text.I2C_RequestMemoryRead
                0x08005de0       0xa8 ./Drivers/STM32F3xx_HAL_Driver/Src/stm32f3xx_hal_i2c.o
 .text.I2C_Flush_TXDR
                0x08005e88       0x48 ./Drivers/STM32F3xx_HAL_Driver/Src/stm32f3xx_hal_i2c.o
 .text.I2C_WaitOnFlagUntilTimeout
                0x08005ed0       0x80 ./Drivers/STM32F3xx_HAL_Driver/Src/stm32f3xx_hal_i2c.o
 .text.I2C_WaitOnTXISFlagUntilTimeout
                0x08005f50       0x80 ./Drivers/STM32F3xx_HAL_Driver/Src/stm32f3xx_hal_i2c.o
 .text.I2C_WaitOnSTOPFlagUntilTimeout
                0x08005fd0       0x78 ./Drivers/STM32F3xx_HAL_Driver/Src/stm32f3xx_hal_i2c.o
 .text.I2C_IsAcknowledgeFailed
                0x08006048       0xec ./Drivers/STM32F3xx_HAL_Driver/Src/stm32f3xx_hal_i2c.o
 .text.I2C_TransferConfig
                0x08006134       0x5c ./Drivers/STM32F3xx_HAL_Driver/Src/stm32f3xx_hal_i2c.o
 .text.HAL_I2CEx_ConfigAnalogFilter
                0x08006190       0x96 ./Drivers/STM32F3xx_HAL_Driver/Src/stm32f3xx_hal_i2c_ex.o
                0x08006190                HAL_I2CEx_ConfigAnalogFilter
 .text.HAL_I2CEx_ConfigDigitalFilter
                0x08006226       0x98 ./Drivers/STM32F3xx_HAL_Driver/Src/stm32f3xx_hal_i2c_ex.o
                0x08006226                HAL_I2CEx_ConfigDigitalFilter
 *fill*         0x080062be        0x2 
 .text.HAL_RCC_OscConfig
                0x080062c0     0x107c ./Drivers/STM32F3xx_HAL_Driver/Src/stm32f3xx_hal_rcc.o
                0x080062c0                HAL_RCC_OscConfig
 .text.HAL_RCC_ClockConfig
                0x0800733c      0x2f8 ./Drivers/STM32F3xx_HAL_Driver/Src/stm32f3xx_hal_rcc.o
                0x0800733c                HAL_RCC_ClockConfig
 .text.HAL_RCC_EnableCSS
                0x08007634       0x38 ./Drivers/STM32F3xx_HAL_Driver/Src/stm32f3xx_hal_rcc.o
                0x08007634                HAL_RCC_EnableCSS
 .text.HAL_RCC_GetSysClockFreq
                0x0800766c       0xd4 ./Drivers/STM32F3xx_HAL_Driver/Src/stm32f3xx_hal_rcc.o
                0x0800766c                HAL_RCC_GetSysClockFreq
 .text.HAL_RCC_GetHCLKFreq
                0x08007740       0x18 ./Drivers/STM32F3xx_HAL_Driver/Src/stm32f3xx_hal_rcc.o
                0x08007740                HAL_RCC_GetHCLKFreq
 .text.HAL_RCC_GetPCLK1Freq
                0x08007758       0x44 ./Drivers/STM32F3xx_HAL_Driver/Src/stm32f3xx_hal_rcc.o
                0x08007758                HAL_RCC_GetPCLK1Freq
 .text.HAL_RCC_GetPCLK2Freq
                0x0800779c       0x44 ./Drivers/STM32F3xx_HAL_Driver/Src/stm32f3xx_hal_rcc.o
                0x0800779c                HAL_RCC_GetPCLK2Freq
 .text.HAL_RCC_NMI_IRQHandler
                0x080077e0       0x28 ./Drivers/STM32F3xx_HAL_Driver/Src/stm32f3xx_hal_rcc.o
                0x080077e0                HAL_RCC_NMI_IRQHandler
 .text.HAL_RCC_CSSCallback
                0x08007808        0xe ./Drivers/STM32F3xx_HAL_Driver/Src/stm32f3xx_hal_rcc.o
                0x08007808                HAL_RCC_CSSCallback
 *fill*         0x08007816        0x2 
 .text.HAL_RCCEx_PeriphCLKConfig
                0x08007818      0x360 ./Drivers/STM32F3xx_HAL_Driver/Src/stm32f3xx_hal_rcc_ex.o
                0x08007818                HAL_RCCEx_PeriphCLKConfig
 .text.HAL_SPI_Init
                0x08007b78      0x156 ./Drivers/STM32F3xx_HAL_Driver/Src/stm32f3xx_hal_spi.o
                0x08007b78                HAL_SPI_Init
 .text.HAL_SPI_Receive
                0x08007cce      0x260 ./Drivers/STM32F3xx_HAL_Driver/Src/stm32f3xx_hal_spi.o
                0x08007cce                HAL_SPI_Receive
 .text.HAL_SPI_TransmitReceive
                0x08007f2e      0x426 ./Drivers/STM32F3xx_HAL_Driver/Src/stm32f3xx_hal_spi.o
                0x08007f2e                HAL_SPI_TransmitReceive
 .text.SPI_WaitFlagStateUntilTimeout
                0x08008354      0x110 ./Drivers/STM32F3xx_HAL_Driver/Src/stm32f3xx_hal_spi.o
 .text.SPI_WaitFifoStateUntilTimeout
                0x08008464      0x12c ./Drivers/STM32F3xx_HAL_Driver/Src/stm32f3xx_hal_spi.o
 .text.SPI_EndRxTransaction
                0x08008590       0xb0 ./Drivers/STM32F3xx_HAL_Driver/Src/stm32f3xx_hal_spi.o
 .text.SPI_EndRxTxTransaction
                0x08008640       0x8c ./Drivers/STM32F3xx_HAL_Driver/Src/stm32f3xx_hal_spi.o
 .text.HAL_TIM_Base_Init
                0x080086cc       0xae ./Drivers/STM32F3xx_HAL_Driver/Src/stm32f3xx_hal_tim.o
                0x080086cc                HAL_TIM_Base_Init
 *fill*         0x0800877a        0x2 
 .text.HAL_TIM_Base_Start_IT
                0x0800877c       0xd4 ./Drivers/STM32F3xx_HAL_Driver/Src/stm32f3xx_hal_tim.o
                0x0800877c                HAL_TIM_Base_Start_IT
 .text.HAL_TIM_PWM_Init
                0x08008850       0xae ./Drivers/STM32F3xx_HAL_Driver/Src/stm32f3xx_hal_tim.o
                0x08008850                HAL_TIM_PWM_Init
 .text.HAL_TIM_PWM_MspInit
                0x080088fe       0x14 ./Drivers/STM32F3xx_HAL_Driver/Src/stm32f3xx_hal_tim.o
                0x080088fe                HAL_TIM_PWM_MspInit
 *fill*         0x08008912        0x2 
 .text.HAL_TIM_PWM_Start
                0x08008914      0x200 ./Drivers/STM32F3xx_HAL_Driver/Src/stm32f3xx_hal_tim.o
                0x08008914                HAL_TIM_PWM_Start
 .text.HAL_TIM_IRQHandler
                0x08008b14      0x23e ./Drivers/STM32F3xx_HAL_Driver/Src/stm32f3xx_hal_tim.o
                0x08008b14                HAL_TIM_IRQHandler
 *fill*         0x08008d52        0x2 
 .text.HAL_TIM_PWM_ConfigChannel
                0x08008d54      0x228 ./Drivers/STM32F3xx_HAL_Driver/Src/stm32f3xx_hal_tim.o
                0x08008d54                HAL_TIM_PWM_ConfigChannel
 .text.HAL_TIM_ConfigClockSource
                0x08008f7c      0x192 ./Drivers/STM32F3xx_HAL_Driver/Src/stm32f3xx_hal_tim.o
                0x08008f7c                HAL_TIM_ConfigClockSource
 .text.HAL_TIM_OC_DelayElapsedCallback
                0x0800910e       0x14 ./Drivers/STM32F3xx_HAL_Driver/Src/stm32f3xx_hal_tim.o
                0x0800910e                HAL_TIM_OC_DelayElapsedCallback
 .text.HAL_TIM_IC_CaptureCallback
                0x08009122       0x14 ./Drivers/STM32F3xx_HAL_Driver/Src/stm32f3xx_hal_tim.o
                0x08009122                HAL_TIM_IC_CaptureCallback
 .text.HAL_TIM_PWM_PulseFinishedCallback
                0x08009136       0x14 ./Drivers/STM32F3xx_HAL_Driver/Src/stm32f3xx_hal_tim.o
                0x08009136                HAL_TIM_PWM_PulseFinishedCallback
 .text.HAL_TIM_TriggerCallback
                0x0800914a       0x14 ./Drivers/STM32F3xx_HAL_Driver/Src/stm32f3xx_hal_tim.o
                0x0800914a                HAL_TIM_TriggerCallback
 *fill*         0x0800915e        0x2 
 .text.TIM_Base_SetConfig
                0x08009160      0x120 ./Drivers/STM32F3xx_HAL_Driver/Src/stm32f3xx_hal_tim.o
                0x08009160                TIM_Base_SetConfig
 .text.TIM_OC1_SetConfig
                0x08009280      0x120 ./Drivers/STM32F3xx_HAL_Driver/Src/stm32f3xx_hal_tim.o
 .text.TIM_OC2_SetConfig
                0x080093a0      0x114 ./Drivers/STM32F3xx_HAL_Driver/Src/stm32f3xx_hal_tim.o
                0x080093a0                TIM_OC2_SetConfig
 .text.TIM_OC3_SetConfig
                0x080094b4      0x110 ./Drivers/STM32F3xx_HAL_Driver/Src/stm32f3xx_hal_tim.o
 .text.TIM_OC4_SetConfig
                0x080095c4       0xd4 ./Drivers/STM32F3xx_HAL_Driver/Src/stm32f3xx_hal_tim.o
 .text.TIM_OC5_SetConfig
                0x08009698       0xc8 ./Drivers/STM32F3xx_HAL_Driver/Src/stm32f3xx_hal_tim.o
 .text.TIM_OC6_SetConfig
                0x08009760       0xcc ./Drivers/STM32F3xx_HAL_Driver/Src/stm32f3xx_hal_tim.o
 .text.TIM_TI1_ConfigInputStage
                0x0800982c       0x5e ./Drivers/STM32F3xx_HAL_Driver/Src/stm32f3xx_hal_tim.o
 .text.TIM_TI2_ConfigInputStage
                0x0800988a       0x60 ./Drivers/STM32F3xx_HAL_Driver/Src/stm32f3xx_hal_tim.o
 .text.TIM_ITRx_SetConfig
                0x080098ea       0x36 ./Drivers/STM32F3xx_HAL_Driver/Src/stm32f3xx_hal_tim.o
 .text.TIM_ETR_SetConfig
                0x08009920       0x40 ./Drivers/STM32F3xx_HAL_Driver/Src/stm32f3xx_hal_tim.o
                0x08009920                TIM_ETR_SetConfig
 .text.TIM_CCxChannelCmd
                0x08009960       0x4a ./Drivers/STM32F3xx_HAL_Driver/Src/stm32f3xx_hal_tim.o
                0x08009960                TIM_CCxChannelCmd
 *fill*         0x080099aa        0x2 
 .text.HAL_TIMEx_MasterConfigSynchronization
                0x080099ac      0x100 ./Drivers/STM32F3xx_HAL_Driver/Src/stm32f3xx_hal_tim_ex.o
                0x080099ac                HAL_TIMEx_MasterConfigSynchronization
 .text.HAL_TIMEx_ConfigBreakDeadTime
                0x08009aac       0xfc ./Drivers/STM32F3xx_HAL_Driver/Src/stm32f3xx_hal_tim_ex.o
                0x08009aac                HAL_TIMEx_ConfigBreakDeadTime
 .text.HAL_TIMEx_CommutCallback
                0x08009ba8       0x14 ./Drivers/STM32F3xx_HAL_Driver/Src/stm32f3xx_hal_tim_ex.o
                0x08009ba8                HAL_TIMEx_CommutCallback
 .text.HAL_TIMEx_BreakCallback
                0x08009bbc       0x14 ./Drivers/STM32F3xx_HAL_Driver/Src/stm32f3xx_hal_tim_ex.o
                0x08009bbc                HAL_TIMEx_BreakCallback
 .text.HAL_TIMEx_Break2Callback
                0x08009bd0       0x14 ./Drivers/STM32F3xx_HAL_Driver/Src/stm32f3xx_hal_tim_ex.o
                0x08009bd0                HAL_TIMEx_Break2Callback
 .text.HAL_UART_Init
                0x08009be4       0x9c ./Drivers/STM32F3xx_HAL_Driver/Src/stm32f3xx_hal_uart.o
                0x08009be4                HAL_UART_Init
 .text.HAL_UART_Transmit
                0x08009c80      0x126 ./Drivers/STM32F3xx_HAL_Driver/Src/stm32f3xx_hal_uart.o
                0x08009c80                HAL_UART_Transmit
 *fill*         0x08009da6        0x2 
 .text.UART_SetConfig
                0x08009da8      0x3ac ./Drivers/STM32F3xx_HAL_Driver/Src/stm32f3xx_hal_uart.o
                0x08009da8                UART_SetConfig
 .text.UART_AdvFeatureConfig
                0x0800a154      0x144 ./Drivers/STM32F3xx_HAL_Driver/Src/stm32f3xx_hal_uart.o
                0x0800a154                UART_AdvFeatureConfig
 .text.UART_CheckIdleState
                0x0800a298       0x92 ./Drivers/STM32F3xx_HAL_Driver/Src/stm32f3xx_hal_uart.o
                0x0800a298                UART_CheckIdleState
 .text.UART_WaitOnFlagUntilTimeout
                0x0800a32a      0x188 ./Drivers/STM32F3xx_HAL_Driver/Src/stm32f3xx_hal_uart.o
                0x0800a32a                UART_WaitOnFlagUntilTimeout
 .text.memset   0x0800a4b2       0x10 C:/ST/STM32CubeIDE_1.14.0/STM32CubeIDE/plugins/com.st.stm32cube.ide.mcu.externaltools.gnu-tools-for-stm32.12.3.rel1.win32_1.0.200.202406191623/tools/bin/../lib/gcc/arm-none-eabi/12.3.1/../../../../arm-none-eabi/lib/thumb/v7e-m+fp/hard\libc_nano.a(libc_a-memset.o)
                0x0800a4b2                memset
 *fill*         0x0800a4c2        0x2 
 .text.__libc_init_array
                0x0800a4c4       0x48 C:/ST/STM32CubeIDE_1.14.0/STM32CubeIDE/plugins/com.st.stm32cube.ide.mcu.externaltools.gnu-tools-for-stm32.12.3.rel1.win32_1.0.200.202406191623/tools/bin/../lib/gcc/arm-none-eabi/12.3.1/../../../../arm-none-eabi/lib/thumb/v7e-m+fp/hard\libc_nano.a(libc_a-init.o)
                0x0800a4c4                __libc_init_array
 *(.glue_7)
 .glue_7        0x0800a50c        0x0 linker stubs
 *(.glue_7t)
 .glue_7t       0x0800a50c        0x0 linker stubs
 *(.eh_frame)
 .eh_frame      0x0800a50c        0x0 C:/ST/STM32CubeIDE_1.14.0/STM32CubeIDE/plugins/com.st.stm32cube.ide.mcu.externaltools.gnu-tools-for-stm32.12.3.rel1.win32_1.0.200.202406191623/tools/bin/../lib/gcc/arm-none-eabi/12.3.1/thumb/v7e-m+fp/hard/crtbegin.o
 *(.init)
 .init          0x0800a50c        0x4 C:/ST/STM32CubeIDE_1.14.0/STM32CubeIDE/plugins/com.st.stm32cube.ide.mcu.externaltools.gnu-tools-for-stm32.12.3.rel1.win32_1.0.200.202406191623/tools/bin/../lib/gcc/arm-none-eabi/12.3.1/thumb/v7e-m+fp/hard/crti.o
                0x0800a50c                _init
 .init          0x0800a510        0x8 C:/ST/STM32CubeIDE_1.14.0/STM32CubeIDE/plugins/com.st.stm32cube.ide.mcu.externaltools.gnu-tools-for-stm32.12.3.rel1.win32_1.0.200.202406191623/tools/bin/../lib/gcc/arm-none-eabi/12.3.1/thumb/v7e-m+fp/hard/crtn.o
 *(.fini)
 .fini          0x0800a518        0x4 C:/ST/STM32CubeIDE_1.14.0/STM32CubeIDE/plugins/com.st.stm32cube.ide.mcu.externaltools.gnu-tools-for-stm32.12.3.rel1.win32_1.0.200.202406191623/tools/bin/../lib/gcc/arm-none-eabi/12.3.1/thumb/v7e-m+fp/hard/crti.o
                0x0800a518                _fini
 .fini          0x0800a51c        0x8 C:/ST/STM32CubeIDE_1.14.0/STM32CubeIDE/plugins/com.st.stm32cube.ide.mcu.externaltools.gnu-tools-for-stm32.12.3.rel1.win32_1.0.200.202406191623/tools/bin/../lib/gcc/arm-none-eabi/12.3.1/thumb/v7e-m+fp/hard/crtn.o
                0x0800a524                        . = ALIGN (0x4)
                0x0800a524                        _etext = .

.vfp11_veneer   0x0800a524        0x0
 .vfp11_veneer  0x0800a524        0x0 linker stubs

.v4_bx          0x0800a524        0x0
 .v4_bx         0x0800a524        0x0 linker stubs

.iplt           0x0800a524        0x0
 .iplt          0x0800a524        0x0 C:/ST/STM32CubeIDE_1.14.0/STM32CubeIDE/plugins/com.st.stm32cube.ide.mcu.externaltools.gnu-tools-for-stm32.12.3.rel1.win32_1.0.200.202406191623/tools/bin/../lib/gcc/arm-none-eabi/12.3.1/thumb/v7e-m+fp/hard/crtbegin.o

.rodata         0x0800a524      0x140
                0x0800a524                        . = ALIGN (0x4)
 *(.rodata)
 .rodata        0x0800a524        0x5 ./Core/Src/main.o
 *(.rodata*)
 *fill*         0x0800a529        0x3 
 .rodata.ab_CRC8_LUT
                0x0800a52c      0x100 ./Core/Src/spi.o
 .rodata.AHBPrescTable
                0x0800a62c       0x10 ./Core/Src/system_stm32f3xx.o
                0x0800a62c                AHBPrescTable
 .rodata.APBPrescTable
                0x0800a63c        0x8 ./Core/Src/system_stm32f3xx.o
                0x0800a63c                APBPrescTable
 .rodata.aPLLMULFactorTable
                0x0800a644       0x10 ./Drivers/STM32F3xx_HAL_Driver/Src/stm32f3xx_hal_rcc.o
                0x0800a644                aPLLMULFactorTable
 .rodata.aPredivFactorTable
                0x0800a654       0x10 ./Drivers/STM32F3xx_HAL_Driver/Src/stm32f3xx_hal_rcc.o
                0x0800a654                aPredivFactorTable
                0x0800a664                        . = ALIGN (0x4)

.ARM.extab      0x0800a664        0x0
                0x0800a664                        . = ALIGN (0x4)
 *(.ARM.extab* .gnu.linkonce.armextab.*)
                0x0800a664                        . = ALIGN (0x4)

.ARM            0x0800a664        0x8
                0x0800a664                        . = ALIGN (0x4)
                0x0800a664                        __exidx_start = .
 *(.ARM.exidx*)
 .ARM.exidx     0x0800a664        0x8 C:/ST/STM32CubeIDE_1.14.0/STM32CubeIDE/plugins/com.st.stm32cube.ide.mcu.externaltools.gnu-tools-for-stm32.12.3.rel1.win32_1.0.200.202406191623/tools/bin/../lib/gcc/arm-none-eabi/12.3.1/thumb/v7e-m+fp/hard\libgcc.a(_udivmoddi4.o)
                0x0800a66c                        __exidx_end = .
                0x0800a66c                        . = ALIGN (0x4)

.rel.dyn        0x0800a66c        0x0
 .rel.iplt      0x0800a66c        0x0 C:/ST/STM32CubeIDE_1.14.0/STM32CubeIDE/plugins/com.st.stm32cube.ide.mcu.externaltools.gnu-tools-for-stm32.12.3.rel1.win32_1.0.200.202406191623/tools/bin/../lib/gcc/arm-none-eabi/12.3.1/thumb/v7e-m+fp/hard/crtbegin.o

.preinit_array  0x0800a66c        0x0
                0x0800a66c                        . = ALIGN (0x4)
                0x0800a66c                        PROVIDE (__preinit_array_start = .)
 *(.preinit_array*)
                0x0800a66c                        PROVIDE (__preinit_array_end = .)
                0x0800a66c                        . = ALIGN (0x4)

.init_array     0x0800a66c        0x4
                0x0800a66c                        . = ALIGN (0x4)
                0x0800a66c                        PROVIDE (__init_array_start = .)
 *(SORT_BY_NAME(.init_array.*))
 *(.init_array*)
 .init_array    0x0800a66c        0x4 C:/ST/STM32CubeIDE_1.14.0/STM32CubeIDE/plugins/com.st.stm32cube.ide.mcu.externaltools.gnu-tools-for-stm32.12.3.rel1.win32_1.0.200.202406191623/tools/bin/../lib/gcc/arm-none-eabi/12.3.1/thumb/v7e-m+fp/hard/crtbegin.o
                0x0800a670                        PROVIDE (__init_array_end = .)
                0x0800a670                        . = ALIGN (0x4)

.fini_array     0x0800a670        0x4
                0x0800a670                        . = ALIGN (0x4)
                [!provide]                        PROVIDE (__fini_array_start = .)
 *(SORT_BY_NAME(.fini_array.*))
 *(.fini_array*)
 .fini_array    0x0800a670        0x4 C:/ST/STM32CubeIDE_1.14.0/STM32CubeIDE/plugins/com.st.stm32cube.ide.mcu.externaltools.gnu-tools-for-stm32.12.3.rel1.win32_1.0.200.202406191623/tools/bin/../lib/gcc/arm-none-eabi/12.3.1/thumb/v7e-m+fp/hard/crtbegin.o
                [!provide]                        PROVIDE (__fini_array_end = .)
                0x0800a674                        . = ALIGN (0x4)
                0x0800a674                        _sidata = LOADADDR (.data)

.data           0x20000000       0x1c load address 0x0800a674
                0x20000000                        . = ALIGN (0x4)
                0x20000000                        _sdata = .
 *(.data)
 *(.data*)
 .data.globalCANID
                0x20000000        0x1 ./Core/Src/global.o
                0x20000000                globalCANID
 *fill*         0x20000001        0x3 
 .data.pid_divider
                0x20000004        0x4 ./Core/Src/pid.o
                0x20000004                pid_divider
 .data.anti_windup_limit
                0x20000008        0x4 ./Core/Src/pid.o
                0x20000008                anti_windup_limit
 .data.SystemCoreClock
                0x2000000c        0x4 ./Core/Src/system_stm32f3xx.o
                0x2000000c                SystemCoreClock
 .data.systemStart
                0x20000010        0x1 ./Core/Src/tim.o
                0x20000010                systemStart
 *fill*         0x20000011        0x3 
 .data.uwTickPrio
                0x20000014        0x4 ./Drivers/STM32F3xx_HAL_Driver/Src/stm32f3xx_hal.o
                0x20000014                uwTickPrio
 .data.uwTickFreq
                0x20000018        0x1 ./Drivers/STM32F3xx_HAL_Driver/Src/stm32f3xx_hal.o
                0x20000018                uwTickFreq
 *(.RamFunc)
 *(.RamFunc*)
                0x2000001c                        . = ALIGN (0x4)
 *fill*         0x20000019        0x3 
                0x2000001c                        _edata = .
                0x0800a690                        _siccmram = LOADADDR (.ccmram)

.igot.plt       0x2000001c        0x0 load address 0x0800a690
 .igot.plt      0x2000001c        0x0 C:/ST/STM32CubeIDE_1.14.0/STM32CubeIDE/plugins/com.st.stm32cube.ide.mcu.externaltools.gnu-tools-for-stm32.12.3.rel1.win32_1.0.200.202406191623/tools/bin/../lib/gcc/arm-none-eabi/12.3.1/thumb/v7e-m+fp/hard/crtbegin.o

.ccmram         0x10000000        0x0 load address 0x0800a690
                0x10000000                        . = ALIGN (0x4)
                0x10000000                        _sccmram = .
 *(.ccmram)
 *(.ccmram*)
                0x10000000                        . = ALIGN (0x4)
                0x10000000                        _eccmram = .
                0x10000000                        . = ALIGN (0x4)

.bss            0x20000020      0x488
                0x20000020                        _sbss = .
                0x20000020                        __bss_start__ = _sbss
 *(.bss)
 .bss           0x20000020       0x1c C:/ST/STM32CubeIDE_1.14.0/STM32CubeIDE/plugins/com.st.stm32cube.ide.mcu.externaltools.gnu-tools-for-stm32.12.3.rel1.win32_1.0.200.202406191623/tools/bin/../lib/gcc/arm-none-eabi/12.3.1/thumb/v7e-m+fp/hard/crtbegin.o
 *(.bss*)
 .bss.hadc2     0x2000003c       0x50 ./Core/Src/adc.o
                0x2000003c                hadc2
 .bss.TxHeader  0x2000008c       0x18 ./Core/Src/can.o
                0x2000008c                TxHeader
 .bss.RxHeader  0x200000a4       0x1c ./Core/Src/can.o
                0x200000a4                RxHeader
 .bss.TxMailbox
                0x200000c0       0x10 ./Core/Src/can.o
                0x200000c0                TxMailbox
 .bss.TxData    0x200000d0        0x8 ./Core/Src/can.o
                0x200000d0                TxData
 .bss.RxData    0x200000d8        0x8 ./Core/Src/can.o
                0x200000d8                RxData
 .bss.tempSpeed
                0x200000e0        0x2 ./Core/Src/can.o
                0x200000e0                tempSpeed
 .bss.tempPosition
                0x200000e2        0x2 ./Core/Src/can.o
                0x200000e2                tempPosition
 .bss.expectedFrameSize
                0x200000e4      0x100 ./Core/Src/can.o
                0x200000e4                expectedFrameSize
 .bss.hcan      0x200001e4       0x28 ./Core/Src/can.o
                0x200001e4                hcan
 .bss.CANTimeoutTimer
                0x2000020c        0x4 ./Core/Src/global.o
                0x2000020c                CANTimeoutTimer
 .bss.workingMode
                0x20000210        0x4 ./Core/Src/global.o
                0x20000210                workingMode
 .bss.settedPosition
                0x20000214        0x4 ./Core/Src/global.o
                0x20000214                settedPosition
 .bss.settedSpeed
                0x20000218        0x4 ./Core/Src/global.o
                0x20000218                settedSpeed
 .bss.actualPosition
                0x2000021c        0x4 ./Core/Src/global.o
                0x2000021c                actualPosition
 .bss.actualSpeed
                0x20000220        0x4 ./Core/Src/global.o
                0x20000220                actualSpeed
 .bss.eepromModified
                0x20000224        0x1 ./Core/Src/global.o
                0x20000224                eepromModified
 .bss.initialized
                0x20000225        0x1 ./Core/Src/global.o
                0x20000225                initialized
 *fill*         0x20000226        0x2 
 .bss.settings  0x20000228       0x28 ./Core/Src/global.o
                0x20000228                settings
 .bss.settedEffort
                0x20000250        0x1 ./Core/Src/global.o
                0x20000250                settedEffort
 .bss.actualEffort
                0x20000251        0x1 ./Core/Src/global.o
                0x20000251                actualEffort
 .bss.encoderConnected
                0x20000252        0x1 ./Core/Src/global.o
                0x20000252                encoderConnected
 *fill*         0x20000253        0x1 
 .bss.lastEncoderPosition
                0x20000254        0x4 ./Core/Src/global.o
                0x20000254                lastEncoderPosition
 .bss.encoderPositionForHolding
                0x20000258        0x4 ./Core/Src/global.o
                0x20000258                encoderPositionForHolding
 .bss.offsetRequestReceived
                0x2000025c        0x1 ./Core/Src/global.o
                0x2000025c                offsetRequestReceived
 *fill*         0x2000025d        0x3 
 .bss.hi2c1     0x20000260       0x4c ./Core/Src/i2c.o
                0x20000260                hi2c1
 .bss.result    0x200002ac        0x4 ./Core/Src/motor.o
                0x200002ac                result
 .bss.p_term    0x200002b0        0x4 ./Core/Src/pid.o
                0x200002b0                p_term
 .bss.i_term    0x200002b4        0x4 ./Core/Src/pid.o
                0x200002b4                i_term
 .bss.d_term    0x200002b8        0x4 ./Core/Src/pid.o
                0x200002b8                d_term
 .bss.delay_counter
                0x200002bc        0x4 ./Core/Src/pid.o
                0x200002bc                delay_counter
 .bss.previous_error
                0x200002c0        0x4 ./Core/Src/pid.o
                0x200002c0                previous_error
 *fill*         0x200002c4        0x4 
 .bss.total_error
                0x200002c8        0x8 ./Core/Src/pid.o
                0x200002c8                total_error
 .bss.pid       0x200002d0        0x4 ./Core/Src/pid.o
                0x200002d0                pid
 .bss.usedPid   0x200002d4        0x4 ./Core/Src/pid.o
                0x200002d4                usedPid
 .bss.sdata     0x200002d8        0x6 ./Core/Src/spi.o
                0x200002d8                sdata
 *fill*         0x200002de        0x2 
 .bss.rawVal    0x200002e0        0x4 ./Core/Src/spi.o
                0x200002e0                rawVal
 .bss.convertedOffset
                0x200002e4        0x4 ./Core/Src/spi.o
                0x200002e4                convertedOffset
 .bss.errorCounter
                0x200002e8        0x1 ./Core/Src/spi.o
                0x200002e8                errorCounter
 .bss.calculated_crc
                0x200002e9        0x1 ./Core/Src/spi.o
                0x200002e9                calculated_crc
 *fill*         0x200002ea        0x2 
 .bss.hspi2     0x200002ec       0x64 ./Core/Src/spi.o
                0x200002ec                hspi2
 .bss.counter   0x20000350        0x4 ./Core/Src/tim.o
                0x20000350                counter
 .bss.hearbeatCounter
                0x20000354        0x4 ./Core/Src/tim.o
                0x20000354                hearbeatCounter
 .bss.reading   0x20000358        0x4 ./Core/Src/tim.o
                0x20000358                reading
 .bss.trace     0x2000035c        0x4 ./Core/Src/tim.o
                0x2000035c                trace
 .bss.positionDelta
                0x20000360       0x14 ./Core/Src/tim.o
                0x20000360                positionDelta
 .bss.positionDeltaPointer
                0x20000374        0x1 ./Core/Src/tim.o
                0x20000374                positionDeltaPointer
 *fill*         0x20000375        0x3 
 .bss.sum       0x20000378        0x8 ./Core/Src/tim.o
                0x20000378                sum
 .bss.dir       0x20000380        0x1 ./Core/Src/tim.o
                0x20000380                dir
 *fill*         0x20000381        0x3 
 .bss.filter_previous
                0x20000384        0x4 ./Core/Src/tim.o
                0x20000384                filter_previous
 .bss.htim2     0x20000388       0x4c ./Core/Src/tim.o
                0x20000388                htim2
 .bss.htim17    0x200003d4       0x4c ./Core/Src/tim.o
                0x200003d4                htim17
 .bss.huart1    0x20000420       0x84 ./Core/Src/usart.o
                0x20000420                huart1
 .bss.uwTick    0x200004a4        0x4 ./Drivers/STM32F3xx_HAL_Driver/Src/stm32f3xx_hal.o
                0x200004a4                uwTick
 *(COMMON)
                0x200004a8                        . = ALIGN (0x4)
                0x200004a8                        _ebss = .
                0x200004a8                        __bss_end__ = _ebss

._user_heap_stack
                0x200004a8      0x600
                0x200004a8                        . = ALIGN (0x8)
                [!provide]                        PROVIDE (end = .)
                0x200004a8                        PROVIDE (_end = .)
                0x200006a8                        . = (. + _Min_Heap_Size)
 *fill*         0x200004a8      0x200 
                0x20000aa8                        . = (. + _Min_Stack_Size)
 *fill*         0x200006a8      0x400 
                0x20000aa8                        . = ALIGN (0x8)

/DISCARD/
 libc.a(*)
 libm.a(*)
 libgcc.a(*)

.ARM.attributes
                0x00000000       0x30
 *(.ARM.attributes)
 .ARM.attributes
                0x00000000       0x22 C:/ST/STM32CubeIDE_1.14.0/STM32CubeIDE/plugins/com.st.stm32cube.ide.mcu.externaltools.gnu-tools-for-stm32.12.3.rel1.win32_1.0.200.202406191623/tools/bin/../lib/gcc/arm-none-eabi/12.3.1/thumb/v7e-m+fp/hard/crti.o
 .ARM.attributes
                0x00000022       0x34 C:/ST/STM32CubeIDE_1.14.0/STM32CubeIDE/plugins/com.st.stm32cube.ide.mcu.externaltools.gnu-tools-for-stm32.12.3.rel1.win32_1.0.200.202406191623/tools/bin/../lib/gcc/arm-none-eabi/12.3.1/thumb/v7e-m+fp/hard/crtbegin.o
 .ARM.attributes
                0x00000056       0x34 ./Core/Src/adc.o
 .ARM.attributes
                0x0000008a       0x34 ./Core/Src/can.o
 .ARM.attributes
                0x000000be       0x34 ./Core/Src/global.o
 .ARM.attributes
                0x000000f2       0x34 ./Core/Src/gpio.o
 .ARM.attributes
                0x00000126       0x34 ./Core/Src/i2c.o
 .ARM.attributes
                0x0000015a       0x34 ./Core/Src/main.o
 .ARM.attributes
                0x0000018e       0x34 ./Core/Src/motor.o
 .ARM.attributes
                0x000001c2       0x34 ./Core/Src/pid.o
 .ARM.attributes
                0x000001f6       0x34 ./Core/Src/spi.o
 .ARM.attributes
                0x0000022a       0x34 ./Core/Src/stm32f3xx_hal_msp.o
 .ARM.attributes
                0x0000025e       0x34 ./Core/Src/stm32f3xx_it.o
 .ARM.attributes
                0x00000292       0x34 ./Core/Src/system_stm32f3xx.o
 .ARM.attributes
                0x000002c6       0x34 ./Core/Src/tim.o
 .ARM.attributes
                0x000002fa       0x34 ./Core/Src/usart.o
 .ARM.attributes
                0x0000032e       0x21 ./Core/Startup/startup_stm32f303cbtx.o
 .ARM.attributes
                0x0000034f       0x34 ./Drivers/STM32F3xx_HAL_Driver/Src/stm32f3xx_hal.o
 .ARM.attributes
                0x00000383       0x34 ./Drivers/STM32F3xx_HAL_Driver/Src/stm32f3xx_hal_adc_ex.o
 .ARM.attributes
                0x000003b7       0x34 ./Drivers/STM32F3xx_HAL_Driver/Src/stm32f3xx_hal_can.o
 .ARM.attributes
                0x000003eb       0x34 ./Drivers/STM32F3xx_HAL_Driver/Src/stm32f3xx_hal_cortex.o
 .ARM.attributes
                0x0000041f       0x34 ./Drivers/STM32F3xx_HAL_Driver/Src/stm32f3xx_hal_gpio.o
 .ARM.attributes
                0x00000453       0x34 ./Drivers/STM32F3xx_HAL_Driver/Src/stm32f3xx_hal_i2c.o
 .ARM.attributes
                0x00000487       0x34 ./Drivers/STM32F3xx_HAL_Driver/Src/stm32f3xx_hal_i2c_ex.o
 .ARM.attributes
                0x000004bb       0x34 ./Drivers/STM32F3xx_HAL_Driver/Src/stm32f3xx_hal_rcc.o
 .ARM.attributes
                0x000004ef       0x34 ./Drivers/STM32F3xx_HAL_Driver/Src/stm32f3xx_hal_rcc_ex.o
 .ARM.attributes
                0x00000523       0x34 ./Drivers/STM32F3xx_HAL_Driver/Src/stm32f3xx_hal_spi.o
 .ARM.attributes
                0x00000557       0x34 ./Drivers/STM32F3xx_HAL_Driver/Src/stm32f3xx_hal_tim.o
 .ARM.attributes
                0x0000058b       0x34 ./Drivers/STM32F3xx_HAL_Driver/Src/stm32f3xx_hal_tim_ex.o
 .ARM.attributes
                0x000005bf       0x34 ./Drivers/STM32F3xx_HAL_Driver/Src/stm32f3xx_hal_uart.o
 .ARM.attributes
                0x000005f3       0x34 C:/ST/STM32CubeIDE_1.14.0/STM32CubeIDE/plugins/com.st.stm32cube.ide.mcu.externaltools.gnu-tools-for-stm32.12.3.rel1.win32_1.0.200.202406191623/tools/bin/../lib/gcc/arm-none-eabi/12.3.1/../../../../arm-none-eabi/lib/thumb/v7e-m+fp/hard\libc_nano.a(libc_a-memset.o)
 .ARM.attributes
                0x00000627       0x34 C:/ST/STM32CubeIDE_1.14.0/STM32CubeIDE/plugins/com.st.stm32cube.ide.mcu.externaltools.gnu-tools-for-stm32.12.3.rel1.win32_1.0.200.202406191623/tools/bin/../lib/gcc/arm-none-eabi/12.3.1/../../../../arm-none-eabi/lib/thumb/v7e-m+fp/hard\libc_nano.a(libc_a-init.o)
 .ARM.attributes
                0x0000065b       0x22 C:/ST/STM32CubeIDE_1.14.0/STM32CubeIDE/plugins/com.st.stm32cube.ide.mcu.externaltools.gnu-tools-for-stm32.12.3.rel1.win32_1.0.200.202406191623/tools/bin/../lib/gcc/arm-none-eabi/12.3.1/thumb/v7e-m+fp/hard\libgcc.a(_arm_addsubdf3.o)
 .ARM.attributes
                0x0000067d       0x22 C:/ST/STM32CubeIDE_1.14.0/STM32CubeIDE/plugins/com.st.stm32cube.ide.mcu.externaltools.gnu-tools-for-stm32.12.3.rel1.win32_1.0.200.202406191623/tools/bin/../lib/gcc/arm-none-eabi/12.3.1/thumb/v7e-m+fp/hard\libgcc.a(_arm_muldivdf3.o)
 .ARM.attributes
                0x0000069f       0x22 C:/ST/STM32CubeIDE_1.14.0/STM32CubeIDE/plugins/com.st.stm32cube.ide.mcu.externaltools.gnu-tools-for-stm32.12.3.rel1.win32_1.0.200.202406191623/tools/bin/../lib/gcc/arm-none-eabi/12.3.1/thumb/v7e-m+fp/hard\libgcc.a(_arm_cmpdf2.o)
 .ARM.attributes
                0x000006c1       0x22 C:/ST/STM32CubeIDE_1.14.0/STM32CubeIDE/plugins/com.st.stm32cube.ide.mcu.externaltools.gnu-tools-for-stm32.12.3.rel1.win32_1.0.200.202406191623/tools/bin/../lib/gcc/arm-none-eabi/12.3.1/thumb/v7e-m+fp/hard\libgcc.a(_arm_fixdfsi.o)
 .ARM.attributes
                0x000006e3       0x22 C:/ST/STM32CubeIDE_1.14.0/STM32CubeIDE/plugins/com.st.stm32cube.ide.mcu.externaltools.gnu-tools-for-stm32.12.3.rel1.win32_1.0.200.202406191623/tools/bin/../lib/gcc/arm-none-eabi/12.3.1/thumb/v7e-m+fp/hard\libgcc.a(_arm_truncdfsf2.o)
 .ARM.attributes
                0x00000705       0x22 C:/ST/STM32CubeIDE_1.14.0/STM32CubeIDE/plugins/com.st.stm32cube.ide.mcu.externaltools.gnu-tools-for-stm32.12.3.rel1.win32_1.0.200.202406191623/tools/bin/../lib/gcc/arm-none-eabi/12.3.1/thumb/v7e-m+fp/hard\libgcc.a(_aeabi_ldivmod.o)
 .ARM.attributes
                0x00000727       0x34 C:/ST/STM32CubeIDE_1.14.0/STM32CubeIDE/plugins/com.st.stm32cube.ide.mcu.externaltools.gnu-tools-for-stm32.12.3.rel1.win32_1.0.200.202406191623/tools/bin/../lib/gcc/arm-none-eabi/12.3.1/thumb/v7e-m+fp/hard\libgcc.a(_udivmoddi4.o)
 .ARM.attributes
                0x0000075b       0x22 C:/ST/STM32CubeIDE_1.14.0/STM32CubeIDE/plugins/com.st.stm32cube.ide.mcu.externaltools.gnu-tools-for-stm32.12.3.rel1.win32_1.0.200.202406191623/tools/bin/../lib/gcc/arm-none-eabi/12.3.1/thumb/v7e-m+fp/hard\libgcc.a(_dvmd_tls.o)
 .ARM.attributes
                0x0000077d       0x22 C:/ST/STM32CubeIDE_1.14.0/STM32CubeIDE/plugins/com.st.stm32cube.ide.mcu.externaltools.gnu-tools-for-stm32.12.3.rel1.win32_1.0.200.202406191623/tools/bin/../lib/gcc/arm-none-eabi/12.3.1/thumb/v7e-m+fp/hard/crtn.o
OUTPUT(electro_EncoCanHatV2.elf elf32-littlearm)
LOAD linker stubs
LOAD C:/ST/STM32CubeIDE_1.14.0/STM32CubeIDE/plugins/com.st.stm32cube.ide.mcu.externaltools.gnu-tools-for-stm32.12.3.rel1.win32_1.0.200.202406191623/tools/bin/../lib/gcc/arm-none-eabi/12.3.1/../../../../arm-none-eabi/lib/thumb/v7e-m+fp/hard\libc.a
LOAD C:/ST/STM32CubeIDE_1.14.0/STM32CubeIDE/plugins/com.st.stm32cube.ide.mcu.externaltools.gnu-tools-for-stm32.12.3.rel1.win32_1.0.200.202406191623/tools/bin/../lib/gcc/arm-none-eabi/12.3.1/../../../../arm-none-eabi/lib/thumb/v7e-m+fp/hard\libm.a
LOAD C:/ST/STM32CubeIDE_1.14.0/STM32CubeIDE/plugins/com.st.stm32cube.ide.mcu.externaltools.gnu-tools-for-stm32.12.3.rel1.win32_1.0.200.202406191623/tools/bin/../lib/gcc/arm-none-eabi/12.3.1/thumb/v7e-m+fp/hard\libgcc.a

.debug_info     0x00000000    0x189f5
 .debug_info    0x00000000      0xa6c ./Core/Src/adc.o
 .debug_info    0x00000a6c     0x1021 ./Core/Src/can.o
 .debug_info    0x00001a8d      0x3ff ./Core/Src/global.o
 .debug_info    0x00001e8c      0x336 ./Core/Src/gpio.o
 .debug_info    0x000021c2      0xadb ./Core/Src/i2c.o
 .debug_info    0x00002c9d     0x1014 ./Core/Src/main.o
 .debug_info    0x00003cb1      0x3f1 ./Core/Src/motor.o
 .debug_info    0x000040a2      0x37f ./Core/Src/pid.o
 .debug_info    0x00004421      0xa91 ./Core/Src/spi.o
 .debug_info    0x00004eb2      0x1a2 ./Core/Src/stm32f3xx_hal_msp.o
 .debug_info    0x00005054      0xae2 ./Core/Src/stm32f3xx_it.o
 .debug_info    0x00005b36      0x407 ./Core/Src/system_stm32f3xx.o
 .debug_info    0x00005f3d     0x119c ./Core/Src/tim.o
 .debug_info    0x000070d9      0x999 ./Core/Src/usart.o
 .debug_info    0x00007a72       0x30 ./Core/Startup/startup_stm32f303cbtx.o
 .debug_info    0x00007aa2      0x7d4 ./Drivers/STM32F3xx_HAL_Driver/Src/stm32f3xx_hal.o
 .debug_info    0x00008276     0x1594 ./Drivers/STM32F3xx_HAL_Driver/Src/stm32f3xx_hal_adc_ex.o
 .debug_info    0x0000980a      0xf05 ./Drivers/STM32F3xx_HAL_Driver/Src/stm32f3xx_hal_can.o
 .debug_info    0x0000a70f      0xcaf ./Drivers/STM32F3xx_HAL_Driver/Src/stm32f3xx_hal_cortex.o
 .debug_info    0x0000b3be      0x5fe ./Drivers/STM32F3xx_HAL_Driver/Src/stm32f3xx_hal_gpio.o
 .debug_info    0x0000b9bc     0x1f3d ./Drivers/STM32F3xx_HAL_Driver/Src/stm32f3xx_hal_i2c.o
 .debug_info    0x0000d8f9      0x80a ./Drivers/STM32F3xx_HAL_Driver/Src/stm32f3xx_hal_i2c_ex.o
 .debug_info    0x0000e103     0x14f2 ./Drivers/STM32F3xx_HAL_Driver/Src/stm32f3xx_hal_rcc.o
 .debug_info    0x0000f5f5      0x5f6 ./Drivers/STM32F3xx_HAL_Driver/Src/stm32f3xx_hal_rcc_ex.o
 .debug_info    0x0000fbeb     0x1622 ./Drivers/STM32F3xx_HAL_Driver/Src/stm32f3xx_hal_spi.o
 .debug_info    0x0001120d     0x2a1c ./Drivers/STM32F3xx_HAL_Driver/Src/stm32f3xx_hal_tim.o
 .debug_info    0x00013c29     0x1540 ./Drivers/STM32F3xx_HAL_Driver/Src/stm32f3xx_hal_tim_ex.o
 .debug_info    0x00015169     0x388c ./Drivers/STM32F3xx_HAL_Driver/Src/stm32f3xx_hal_uart.o

.debug_abbrev   0x00000000     0x394d
 .debug_abbrev  0x00000000      0x207 ./Core/Src/adc.o
 .debug_abbrev  0x00000207      0x318 ./Core/Src/can.o
 .debug_abbrev  0x0000051f       0xdb ./Core/Src/global.o
 .debug_abbrev  0x000005fa      0x151 ./Core/Src/gpio.o
 .debug_abbrev  0x0000074b      0x242 ./Core/Src/i2c.o
 .debug_abbrev  0x0000098d      0x24f ./Core/Src/main.o
 .debug_abbrev  0x00000bdc      0x1b8 ./Core/Src/motor.o
 .debug_abbrev  0x00000d94      0x14f ./Core/Src/pid.o
 .debug_abbrev  0x00000ee3      0x258 ./Core/Src/spi.o
 .debug_abbrev  0x0000113b       0xc6 ./Core/Src/stm32f3xx_hal_msp.o
 .debug_abbrev  0x00001201      0x1da ./Core/Src/stm32f3xx_it.o
 .debug_abbrev  0x000013db      0x11a ./Core/Src/system_stm32f3xx.o
 .debug_abbrev  0x000014f5      0x2c5 ./Core/Src/tim.o
 .debug_abbrev  0x000017ba      0x20d ./Core/Src/usart.o
 .debug_abbrev  0x000019c7       0x24 ./Core/Startup/startup_stm32f303cbtx.o
 .debug_abbrev  0x000019eb      0x215 ./Drivers/STM32F3xx_HAL_Driver/Src/stm32f3xx_hal.o
 .debug_abbrev  0x00001c00      0x28e ./Drivers/STM32F3xx_HAL_Driver/Src/stm32f3xx_hal_adc_ex.o
 .debug_abbrev  0x00001e8e      0x239 ./Drivers/STM32F3xx_HAL_Driver/Src/stm32f3xx_hal_can.o
 .debug_abbrev  0x000020c7      0x329 ./Drivers/STM32F3xx_HAL_Driver/Src/stm32f3xx_hal_cortex.o
 .debug_abbrev  0x000023f0      0x1ca ./Drivers/STM32F3xx_HAL_Driver/Src/stm32f3xx_hal_gpio.o
 .debug_abbrev  0x000025ba      0x258 ./Drivers/STM32F3xx_HAL_Driver/Src/stm32f3xx_hal_i2c.o
 .debug_abbrev  0x00002812      0x1c2 ./Drivers/STM32F3xx_HAL_Driver/Src/stm32f3xx_hal_i2c_ex.o
 .debug_abbrev  0x000029d4      0x314 ./Drivers/STM32F3xx_HAL_Driver/Src/stm32f3xx_hal_rcc.o
 .debug_abbrev  0x00002ce8      0x23e ./Drivers/STM32F3xx_HAL_Driver/Src/stm32f3xx_hal_rcc_ex.o
 .debug_abbrev  0x00002f26      0x269 ./Drivers/STM32F3xx_HAL_Driver/Src/stm32f3xx_hal_spi.o
 .debug_abbrev  0x0000318f      0x271 ./Drivers/STM32F3xx_HAL_Driver/Src/stm32f3xx_hal_tim.o
 .debug_abbrev  0x00003400      0x27c ./Drivers/STM32F3xx_HAL_Driver/Src/stm32f3xx_hal_tim_ex.o
 .debug_abbrev  0x0000367c      0x2d1 ./Drivers/STM32F3xx_HAL_Driver/Src/stm32f3xx_hal_uart.o

.debug_aranges  0x00000000     0x1568
 .debug_aranges
                0x00000000       0x38 ./Core/Src/adc.o
 .debug_aranges
                0x00000038       0x58 ./Core/Src/can.o
 .debug_aranges
                0x00000090       0x28 ./Core/Src/global.o
 .debug_aranges
                0x000000b8       0x20 ./Core/Src/gpio.o
 .debug_aranges
                0x000000d8       0x40 ./Core/Src/i2c.o
 .debug_aranges
                0x00000118       0x30 ./Core/Src/main.o
 .debug_aranges
                0x00000148       0x50 ./Core/Src/motor.o
 .debug_aranges
                0x00000198       0x48 ./Core/Src/pid.o
 .debug_aranges
                0x000001e0       0x40 ./Core/Src/spi.o
 .debug_aranges
                0x00000220       0x20 ./Core/Src/stm32f3xx_hal_msp.o
 .debug_aranges
                0x00000240       0x70 ./Core/Src/stm32f3xx_it.o
 .debug_aranges
                0x000002b0       0x28 ./Core/Src/system_stm32f3xx.o
 .debug_aranges
                0x000002d8       0x50 ./Core/Src/tim.o
 .debug_aranges
                0x00000328       0x38 ./Core/Src/usart.o
 .debug_aranges
                0x00000360       0x28 ./Core/Startup/startup_stm32f303cbtx.o
 .debug_aranges
                0x00000388       0xe0 ./Drivers/STM32F3xx_HAL_Driver/Src/stm32f3xx_hal.o
 .debug_aranges
                0x00000468      0x168 ./Drivers/STM32F3xx_HAL_Driver/Src/stm32f3xx_hal_adc_ex.o
 .debug_aranges
                0x000005d0      0x138 ./Drivers/STM32F3xx_HAL_Driver/Src/stm32f3xx_hal_can.o
 .debug_aranges
                0x00000708      0x118 ./Drivers/STM32F3xx_HAL_Driver/Src/stm32f3xx_hal_cortex.o
 .debug_aranges
                0x00000820       0x58 ./Drivers/STM32F3xx_HAL_Driver/Src/stm32f3xx_hal_gpio.o
 .debug_aranges
                0x00000878      0x290 ./Drivers/STM32F3xx_HAL_Driver/Src/stm32f3xx_hal_i2c.o
 .debug_aranges
                0x00000b08       0x48 ./Drivers/STM32F3xx_HAL_Driver/Src/stm32f3xx_hal_i2c_ex.o
 .debug_aranges
                0x00000b50       0x88 ./Drivers/STM32F3xx_HAL_Driver/Src/stm32f3xx_hal_rcc.o
 .debug_aranges
                0x00000bd8       0x38 ./Drivers/STM32F3xx_HAL_Driver/Src/stm32f3xx_hal_rcc_ex.o
 .debug_aranges
                0x00000c10      0x1d8 ./Drivers/STM32F3xx_HAL_Driver/Src/stm32f3xx_hal_spi.o
 .debug_aranges
                0x00000de8      0x3e0 ./Drivers/STM32F3xx_HAL_Driver/Src/stm32f3xx_hal_tim.o
 .debug_aranges
                0x000011c8      0x178 ./Drivers/STM32F3xx_HAL_Driver/Src/stm32f3xx_hal_tim_ex.o
 .debug_aranges
                0x00001340      0x228 ./Drivers/STM32F3xx_HAL_Driver/Src/stm32f3xx_hal_uart.o

.debug_rnglists
                0x00000000     0x10be
 .debug_rnglists
                0x00000000       0x27 ./Core/Src/adc.o
 .debug_rnglists
                0x00000027       0x41 ./Core/Src/can.o
 .debug_rnglists
                0x00000068       0x1a ./Core/Src/global.o
 .debug_rnglists
                0x00000082       0x14 ./Core/Src/gpio.o
 .debug_rnglists
                0x00000096       0x2e ./Core/Src/i2c.o
 .debug_rnglists
                0x000000c4       0x21 ./Core/Src/main.o
 .debug_rnglists
                0x000000e5       0x38 ./Core/Src/motor.o
 .debug_rnglists
                0x0000011d       0x32 ./Core/Src/pid.o
 .debug_rnglists
                0x0000014f       0x2e ./Core/Src/spi.o
 .debug_rnglists
                0x0000017d       0x13 ./Core/Src/stm32f3xx_hal_msp.o
 .debug_rnglists
                0x00000190       0x4f ./Core/Src/stm32f3xx_it.o
 .debug_rnglists
                0x000001df       0x1a ./Core/Src/system_stm32f3xx.o
 .debug_rnglists
                0x000001f9       0x3a ./Core/Src/tim.o
 .debug_rnglists
                0x00000233       0x27 ./Core/Src/usart.o
 .debug_rnglists
                0x0000025a       0x19 ./Core/Startup/startup_stm32f303cbtx.o
 .debug_rnglists
                0x00000273       0xa3 ./Drivers/STM32F3xx_HAL_Driver/Src/stm32f3xx_hal.o
 .debug_rnglists
                0x00000316      0x126 ./Drivers/STM32F3xx_HAL_Driver/Src/stm32f3xx_hal_adc_ex.o
 .debug_rnglists
                0x0000043c       0xee ./Drivers/STM32F3xx_HAL_Driver/Src/stm32f3xx_hal_can.o
 .debug_rnglists
                0x0000052a       0xce ./Drivers/STM32F3xx_HAL_Driver/Src/stm32f3xx_hal_cortex.o
 .debug_rnglists
                0x000005f8       0x3f ./Drivers/STM32F3xx_HAL_Driver/Src/stm32f3xx_hal_gpio.o
 .debug_rnglists
                0x00000637      0x219 ./Drivers/STM32F3xx_HAL_Driver/Src/stm32f3xx_hal_i2c.o
 .debug_rnglists
                0x00000850       0x35 ./Drivers/STM32F3xx_HAL_Driver/Src/stm32f3xx_hal_i2c_ex.o
 .debug_rnglists
                0x00000885       0x66 ./Drivers/STM32F3xx_HAL_Driver/Src/stm32f3xx_hal_rcc.o
 .debug_rnglists
                0x000008eb       0x28 ./Drivers/STM32F3xx_HAL_Driver/Src/stm32f3xx_hal_rcc_ex.o
 .debug_rnglists
                0x00000913      0x178 ./Drivers/STM32F3xx_HAL_Driver/Src/stm32f3xx_hal_spi.o
 .debug_rnglists
                0x00000a8b      0x328 ./Drivers/STM32F3xx_HAL_Driver/Src/stm32f3xx_hal_tim.o
 .debug_rnglists
                0x00000db3      0x131 ./Drivers/STM32F3xx_HAL_Driver/Src/stm32f3xx_hal_tim_ex.o
 .debug_rnglists
                0x00000ee4      0x1da ./Drivers/STM32F3xx_HAL_Driver/Src/stm32f3xx_hal_uart.o

.debug_macro    0x00000000    0x21a72
 .debug_macro   0x00000000      0x332 ./Core/Src/adc.o
 .debug_macro   0x00000332      0xab4 ./Core/Src/adc.o
 .debug_macro   0x00000de6      0x169 ./Core/Src/adc.o
 .debug_macro   0x00000f4f       0x2e ./Core/Src/adc.o
 .debug_macro   0x00000f7d       0x28 ./Core/Src/adc.o
 .debug_macro   0x00000fa5       0x22 ./Core/Src/adc.o
 .debug_macro   0x00000fc7       0x8e ./Core/Src/adc.o
 .debug_macro   0x00001055       0x51 ./Core/Src/adc.o
 .debug_macro   0x000010a6      0x103 ./Core/Src/adc.o
 .debug_macro   0x000011a9       0x6a ./Core/Src/adc.o
 .debug_macro   0x00001213      0x1df ./Core/Src/adc.o
 .debug_macro   0x000013f2       0x1c ./Core/Src/adc.o
 .debug_macro   0x0000140e       0x22 ./Core/Src/adc.o
 .debug_macro   0x00001430       0xd9 ./Core/Src/adc.o
 .debug_macro   0x00001509     0x102d ./Core/Src/adc.o
 .debug_macro   0x00002536      0x11f ./Core/Src/adc.o
 .debug_macro   0x00002655    0x12a3a ./Core/Src/adc.o
 .debug_macro   0x0001508f       0x6d ./Core/Src/adc.o
 .debug_macro   0x000150fc     0x3540 ./Core/Src/adc.o
 .debug_macro   0x0001863c      0x189 ./Core/Src/adc.o
 .debug_macro   0x000187c5       0x55 ./Core/Src/adc.o
 .debug_macro   0x0001881a      0x962 ./Core/Src/adc.o
 .debug_macro   0x0001917c      0x5fe ./Core/Src/adc.o
 .debug_macro   0x0001977a      0x1b6 ./Core/Src/adc.o
 .debug_macro   0x00019930      0x1fb ./Core/Src/adc.o
 .debug_macro   0x00019b2b      0x1dc ./Core/Src/adc.o
 .debug_macro   0x00019d07      0x1bc ./Core/Src/adc.o
 .debug_macro   0x00019ec3       0x30 ./Core/Src/adc.o
 .debug_macro   0x00019ef3       0x3c ./Core/Src/adc.o
 .debug_macro   0x00019f2f      0x236 ./Core/Src/adc.o
 .debug_macro   0x0001a165      0x9b1 ./Core/Src/adc.o
 .debug_macro   0x0001ab16       0x77 ./Core/Src/adc.o
 .debug_macro   0x0001ab8d      0x408 ./Core/Src/adc.o
 .debug_macro   0x0001af95       0xc5 ./Core/Src/adc.o
 .debug_macro   0x0001b05a      0x21d ./Core/Src/adc.o
 .debug_macro   0x0001b277      0x22c ./Core/Src/adc.o
 .debug_macro   0x0001b4a3       0x5b ./Core/Src/adc.o
 .debug_macro   0x0001b4fe       0xa5 ./Core/Src/adc.o
 .debug_macro   0x0001b5a3       0x81 ./Core/Src/adc.o
 .debug_macro   0x0001b624       0xd3 ./Core/Src/adc.o
 .debug_macro   0x0001b6f7      0x2fe ./Core/Src/adc.o
 .debug_macro   0x0001b9f5      0xa3d ./Core/Src/adc.o
 .debug_macro   0x0001c432       0x89 ./Core/Src/adc.o
 .debug_macro   0x0001c4bb      0x5a5 ./Core/Src/adc.o
 .debug_macro   0x0001ca60       0x3e ./Core/Src/adc.o
 .debug_macro   0x0001ca9e      0x275 ./Core/Src/adc.o
 .debug_macro   0x0001cd13       0x2a ./Core/Src/adc.o
 .debug_macro   0x0001cd3d       0x61 ./Core/Src/adc.o
 .debug_macro   0x0001cd9e       0x43 ./Core/Src/adc.o
 .debug_macro   0x0001cde1       0x34 ./Core/Src/adc.o
 .debug_macro   0x0001ce15       0x16 ./Core/Src/adc.o
 .debug_macro   0x0001ce2b       0x35 ./Core/Src/adc.o
 .debug_macro   0x0001ce60       0x16 ./Core/Src/adc.o
 .debug_macro   0x0001ce76       0x43 ./Core/Src/adc.o
 .debug_macro   0x0001ceb9       0x34 ./Core/Src/adc.o
 .debug_macro   0x0001ceed       0x10 ./Core/Src/adc.o
 .debug_macro   0x0001cefd       0x58 ./Core/Src/adc.o
 .debug_macro   0x0001cf55       0x8e ./Core/Src/adc.o
 .debug_macro   0x0001cfe3       0x1c ./Core/Src/adc.o
 .debug_macro   0x0001cfff      0x177 ./Core/Src/adc.o
 .debug_macro   0x0001d176      0x369 ./Core/Src/adc.o
 .debug_macro   0x0001d4df       0x16 ./Core/Src/adc.o
 .debug_macro   0x0001d4f5       0x29 ./Core/Src/adc.o
 .debug_macro   0x0001d51e       0x3a ./Core/Src/adc.o
 .debug_macro   0x0001d558       0x16 ./Core/Src/adc.o
 .debug_macro   0x0001d56e       0x70 ./Core/Src/adc.o
 .debug_macro   0x0001d5de      0x32c ./Core/Src/can.o
 .debug_macro   0x0001d90a      0x32c ./Core/Src/global.o
 .debug_macro   0x0001dc36      0x332 ./Core/Src/gpio.o
 .debug_macro   0x0001df68      0x332 ./Core/Src/i2c.o
 .debug_macro   0x0001e29a      0x35c ./Core/Src/main.o
 .debug_macro   0x0001e5f6      0x32c ./Core/Src/motor.o
 .debug_macro   0x0001e922      0x328 ./Core/Src/pid.o
 .debug_macro   0x0001ec4a      0x32c ./Core/Src/spi.o
 .debug_macro   0x0001ef76      0x328 ./Core/Src/stm32f3xx_hal_msp.o
 .debug_macro   0x0001f29e      0x332 ./Core/Src/stm32f3xx_it.o
 .debug_macro   0x0001f5d0      0x20f ./Core/Src/system_stm32f3xx.o
 .debug_macro   0x0001f7df      0x332 ./Core/Src/tim.o
 .debug_macro   0x0001fb11      0x332 ./Core/Src/usart.o
 .debug_macro   0x0001fe43      0x233 ./Drivers/STM32F3xx_HAL_Driver/Src/stm32f3xx_hal.o
 .debug_macro   0x00020076      0x239 ./Drivers/STM32F3xx_HAL_Driver/Src/stm32f3xx_hal_adc_ex.o
 .debug_macro   0x000202af      0x217 ./Drivers/STM32F3xx_HAL_Driver/Src/stm32f3xx_hal_can.o
 .debug_macro   0x000204c6      0x20f ./Drivers/STM32F3xx_HAL_Driver/Src/stm32f3xx_hal_cortex.o
 .debug_macro   0x000206d5      0x216 ./Drivers/STM32F3xx_HAL_Driver/Src/stm32f3xx_hal_gpio.o
 .debug_macro   0x000208eb      0x2d4 ./Drivers/STM32F3xx_HAL_Driver/Src/stm32f3xx_hal_i2c.o
 .debug_macro   0x00020bbf      0x20f ./Drivers/STM32F3xx_HAL_Driver/Src/stm32f3xx_hal_i2c_ex.o
 .debug_macro   0x00020dce      0x233 ./Drivers/STM32F3xx_HAL_Driver/Src/stm32f3xx_hal_rcc.o
 .debug_macro   0x00021001      0x20f ./Drivers/STM32F3xx_HAL_Driver/Src/stm32f3xx_hal_rcc_ex.o
 .debug_macro   0x00021210      0x217 ./Drivers/STM32F3xx_HAL_Driver/Src/stm32f3xx_hal_spi.o
 .debug_macro   0x00021427      0x210 ./Drivers/STM32F3xx_HAL_Driver/Src/stm32f3xx_hal_tim.o
 .debug_macro   0x00021637      0x20f ./Drivers/STM32F3xx_HAL_Driver/Src/stm32f3xx_hal_tim_ex.o
 .debug_macro   0x00021846      0x22c ./Drivers/STM32F3xx_HAL_Driver/Src/stm32f3xx_hal_uart.o

.debug_line     0x00000000    0x20309
 .debug_line    0x00000000      0xa2b ./Core/Src/adc.o
 .debug_line    0x00000a2b      0xfda ./Core/Src/can.o
 .debug_line    0x00001a05      0x9a8 ./Core/Src/global.o
 .debug_line    0x000023ad      0x9a9 ./Core/Src/gpio.o
 .debug_line    0x00002d56      0xa86 ./Core/Src/i2c.o
 .debug_line    0x000037dc      0xa7d ./Core/Src/main.o
 .debug_line    0x00004259      0xadf ./Core/Src/motor.o
 .debug_line    0x00004d38      0xa71 ./Core/Src/pid.o
 .debug_line    0x000057a9      0xb47 ./Core/Src/spi.o
 .debug_line    0x000062f0      0x982 ./Core/Src/stm32f3xx_hal_msp.o
 .debug_line    0x00006c72      0xa78 ./Core/Src/stm32f3xx_it.o
 .debug_line    0x000076ea      0x86a ./Core/Src/system_stm32f3xx.o
 .debug_line    0x00007f54      0xd07 ./Core/Src/tim.o
 .debug_line    0x00008c5b      0xa58 ./Core/Src/usart.o
 .debug_line    0x000096b3       0x7a ./Core/Startup/startup_stm32f303cbtx.o
 .debug_line    0x0000972d      0xaa4 ./Drivers/STM32F3xx_HAL_Driver/Src/stm32f3xx_hal.o
 .debug_line    0x0000a1d1     0x2804 ./Drivers/STM32F3xx_HAL_Driver/Src/stm32f3xx_hal_adc_ex.o
 .debug_line    0x0000c9d5     0x127e ./Drivers/STM32F3xx_HAL_Driver/Src/stm32f3xx_hal_can.o
 .debug_line    0x0000dc53      0xd67 ./Drivers/STM32F3xx_HAL_Driver/Src/stm32f3xx_hal_cortex.o
 .debug_line    0x0000e9ba      0xc1d ./Drivers/STM32F3xx_HAL_Driver/Src/stm32f3xx_hal_gpio.o
 .debug_line    0x0000f5d7     0x3454 ./Drivers/STM32F3xx_HAL_Driver/Src/stm32f3xx_hal_i2c.o
 .debug_line    0x00012a2b      0xa10 ./Drivers/STM32F3xx_HAL_Driver/Src/stm32f3xx_hal_i2c_ex.o
 .debug_line    0x0001343b     0x1478 ./Drivers/STM32F3xx_HAL_Driver/Src/stm32f3xx_hal_rcc.o
 .debug_line    0x000148b3      0xe1d ./Drivers/STM32F3xx_HAL_Driver/Src/stm32f3xx_hal_rcc_ex.o
 .debug_line    0x000156d0     0x209e ./Drivers/STM32F3xx_HAL_Driver/Src/stm32f3xx_hal_spi.o
 .debug_line    0x0001776e     0x3e08 ./Drivers/STM32F3xx_HAL_Driver/Src/stm32f3xx_hal_tim.o
 .debug_line    0x0001b576     0x1b7f ./Drivers/STM32F3xx_HAL_Driver/Src/stm32f3xx_hal_tim_ex.o
 .debug_line    0x0001d0f5     0x3214 ./Drivers/STM32F3xx_HAL_Driver/Src/stm32f3xx_hal_uart.o

.debug_str      0x00000000    0xc52b9
 .debug_str     0x00000000    0xbee2a ./Core/Src/adc.o
                              0xbf5cc (size before relaxing)
 .debug_str     0x000bee2a      0xa21 ./Core/Src/can.o
                              0xbfc97 (size before relaxing)
 .debug_str     0x000bf84b       0x76 ./Core/Src/global.o
                              0xbf15f (size before relaxing)
 .debug_str     0x000bf8c1       0x68 ./Core/Src/gpio.o
                              0xbf094 (size before relaxing)
 .debug_str     0x000bf929      0x2fc ./Core/Src/i2c.o
                              0xbf69f (size before relaxing)
 .debug_str     0x000bfc25      0x560 ./Core/Src/main.o
                              0xbfafb (size before relaxing)
 .debug_str     0x000c0185       0xae ./Core/Src/motor.o
                              0xbf199 (size before relaxing)
 .debug_str     0x000c0233       0x7d ./Core/Src/pid.o
                              0xbf0a8 (size before relaxing)
 .debug_str     0x000c02b0      0x28b ./Core/Src/spi.o
                              0xbf614 (size before relaxing)
 .debug_str     0x000c053b       0x2c ./Core/Src/stm32f3xx_hal_msp.o
                              0xbefc9 (size before relaxing)
 .debug_str     0x000c0567      0x3b7 ./Core/Src/stm32f3xx_it.o
                              0xbf7e1 (size before relaxing)
 .debug_str     0x000c091e       0xdf ./Core/Src/system_stm32f3xx.o
                              0xbbbe3 (size before relaxing)
 .debug_str     0x000c09fd      0x39c ./Core/Src/tim.o
                              0xbff47 (size before relaxing)
 .debug_str     0x000c0d99       0x6a ./Core/Src/usart.o
                              0xbf546 (size before relaxing)
 .debug_str     0x000c0e03       0x44 ./Core/Startup/startup_stm32f303cbtx.o
                                 0x85 (size before relaxing)
 .debug_str     0x000c0e47      0x38d ./Drivers/STM32F3xx_HAL_Driver/Src/stm32f3xx_hal.o
                              0xbc421 (size before relaxing)
 .debug_str     0x000c11d4      0x890 ./Drivers/STM32F3xx_HAL_Driver/Src/stm32f3xx_hal_adc_ex.o
                              0xbc8d9 (size before relaxing)
 .debug_str     0x000c1a64      0x3a8 ./Drivers/STM32F3xx_HAL_Driver/Src/stm32f3xx_hal_can.o
                              0xbc36a (size before relaxing)
 .debug_str     0x000c1e0c      0x301 ./Drivers/STM32F3xx_HAL_Driver/Src/stm32f3xx_hal_cortex.o
                              0xbc473 (size before relaxing)
 .debug_str     0x000c210d      0x10f ./Drivers/STM32F3xx_HAL_Driver/Src/stm32f3xx_hal_gpio.o
                              0xbbd50 (size before relaxing)
 .debug_str     0x000c221c      0xdb3 ./Drivers/STM32F3xx_HAL_Driver/Src/stm32f3xx_hal_i2c.o
                              0xbce4c (size before relaxing)
 .debug_str     0x000c2fcf       0xb8 ./Drivers/STM32F3xx_HAL_Driver/Src/stm32f3xx_hal_i2c_ex.o
                              0xbc0ee (size before relaxing)
 .debug_str     0x000c3087      0x284 ./Drivers/STM32F3xx_HAL_Driver/Src/stm32f3xx_hal_rcc.o
                              0xbc083 (size before relaxing)
 .debug_str     0x000c330b       0xbe ./Drivers/STM32F3xx_HAL_Driver/Src/stm32f3xx_hal_rcc_ex.o
                              0xbbe47 (size before relaxing)
 .debug_str     0x000c33c9      0x558 ./Drivers/STM32F3xx_HAL_Driver/Src/stm32f3xx_hal_spi.o
                              0xbc509 (size before relaxing)
 .debug_str     0x000c3921      0xd45 ./Drivers/STM32F3xx_HAL_Driver/Src/stm32f3xx_hal_tim.o
                              0xbd00a (size before relaxing)
 .debug_str     0x000c4666      0x402 ./Drivers/STM32F3xx_HAL_Driver/Src/stm32f3xx_hal_tim_ex.o
                              0xbc860 (size before relaxing)
 .debug_str     0x000c4a68      0x851 ./Drivers/STM32F3xx_HAL_Driver/Src/stm32f3xx_hal_uart.o
                              0xbc8de (size before relaxing)

.comment        0x00000000       0x43
 .comment       0x00000000       0x43 ./Core/Src/adc.o
                                 0x44 (size before relaxing)
 .comment       0x00000043       0x44 ./Core/Src/can.o
 .comment       0x00000043       0x44 ./Core/Src/global.o
 .comment       0x00000043       0x44 ./Core/Src/gpio.o
 .comment       0x00000043       0x44 ./Core/Src/i2c.o
 .comment       0x00000043       0x44 ./Core/Src/main.o
 .comment       0x00000043       0x44 ./Core/Src/motor.o
 .comment       0x00000043       0x44 ./Core/Src/pid.o
 .comment       0x00000043       0x44 ./Core/Src/spi.o
 .comment       0x00000043       0x44 ./Core/Src/stm32f3xx_hal_msp.o
 .comment       0x00000043       0x44 ./Core/Src/stm32f3xx_it.o
 .comment       0x00000043       0x44 ./Core/Src/system_stm32f3xx.o
 .comment       0x00000043       0x44 ./Core/Src/tim.o
 .comment       0x00000043       0x44 ./Core/Src/usart.o
 .comment       0x00000043       0x44 ./Drivers/STM32F3xx_HAL_Driver/Src/stm32f3xx_hal.o
 .comment       0x00000043       0x44 ./Drivers/STM32F3xx_HAL_Driver/Src/stm32f3xx_hal_adc_ex.o
 .comment       0x00000043       0x44 ./Drivers/STM32F3xx_HAL_Driver/Src/stm32f3xx_hal_can.o
 .comment       0x00000043       0x44 ./Drivers/STM32F3xx_HAL_Driver/Src/stm32f3xx_hal_cortex.o
 .comment       0x00000043       0x44 ./Drivers/STM32F3xx_HAL_Driver/Src/stm32f3xx_hal_gpio.o
 .comment       0x00000043       0x44 ./Drivers/STM32F3xx_HAL_Driver/Src/stm32f3xx_hal_i2c.o
 .comment       0x00000043       0x44 ./Drivers/STM32F3xx_HAL_Driver/Src/stm32f3xx_hal_i2c_ex.o
 .comment       0x00000043       0x44 ./Drivers/STM32F3xx_HAL_Driver/Src/stm32f3xx_hal_rcc.o
 .comment       0x00000043       0x44 ./Drivers/STM32F3xx_HAL_Driver/Src/stm32f3xx_hal_rcc_ex.o
 .comment       0x00000043       0x44 ./Drivers/STM32F3xx_HAL_Driver/Src/stm32f3xx_hal_spi.o
 .comment       0x00000043       0x44 ./Drivers/STM32F3xx_HAL_Driver/Src/stm32f3xx_hal_tim.o
 .comment       0x00000043       0x44 ./Drivers/STM32F3xx_HAL_Driver/Src/stm32f3xx_hal_tim_ex.o
 .comment       0x00000043       0x44 ./Drivers/STM32F3xx_HAL_Driver/Src/stm32f3xx_hal_uart.o

.debug_frame    0x00000000     0x5c20
 .debug_frame   0x00000000       0x98 ./Core/Src/adc.o
 .debug_frame   0x00000098      0x128 ./Core/Src/can.o
 .debug_frame   0x000001c0       0x6c ./Core/Src/global.o
 .debug_frame   0x0000022c       0x34 ./Core/Src/gpio.o
 .debug_frame   0x00000260       0xc0 ./Core/Src/i2c.o
 .debug_frame   0x00000320       0x70 ./Core/Src/main.o
 .debug_frame   0x00000390      0x108 ./Core/Src/motor.o
 .debug_frame   0x00000498       0xe8 ./Core/Src/pid.o
 .debug_frame   0x00000580       0xc4 ./Core/Src/spi.o
 .debug_frame   0x00000644       0x38 ./Core/Src/stm32f3xx_hal_msp.o
 .debug_frame   0x0000067c      0x140 ./Core/Src/stm32f3xx_it.o
 .debug_frame   0x000007bc       0x58 ./Core/Src/system_stm32f3xx.o
 .debug_frame   0x00000814      0x114 ./Core/Src/tim.o
 .debug_frame   0x00000928       0x98 ./Core/Src/usart.o
 .debug_frame   0x000009c0      0x334 ./Drivers/STM32F3xx_HAL_Driver/Src/stm32f3xx_hal.o
 .debug_frame   0x00000cf4      0x644 ./Drivers/STM32F3xx_HAL_Driver/Src/stm32f3xx_hal_adc_ex.o
 .debug_frame   0x00001338      0x5a0 ./Drivers/STM32F3xx_HAL_Driver/Src/stm32f3xx_hal_can.o
 .debug_frame   0x000018d8      0x498 ./Drivers/STM32F3xx_HAL_Driver/Src/stm32f3xx_hal_cortex.o
 .debug_frame   0x00001d70      0x14c ./Drivers/STM32F3xx_HAL_Driver/Src/stm32f3xx_hal_gpio.o
 .debug_frame   0x00001ebc      0xbe4 ./Drivers/STM32F3xx_HAL_Driver/Src/stm32f3xx_hal_i2c.o
 .debug_frame   0x00002aa0      0x100 ./Drivers/STM32F3xx_HAL_Driver/Src/stm32f3xx_hal_i2c_ex.o
 .debug_frame   0x00002ba0      0x214 ./Drivers/STM32F3xx_HAL_Driver/Src/stm32f3xx_hal_rcc.o
 .debug_frame   0x00002db4       0xb4 ./Drivers/STM32F3xx_HAL_Driver/Src/stm32f3xx_hal_rcc_ex.o
 .debug_frame   0x00002e68      0x860 ./Drivers/STM32F3xx_HAL_Driver/Src/stm32f3xx_hal_spi.o
 .debug_frame   0x000036c8     0x121c ./Drivers/STM32F3xx_HAL_Driver/Src/stm32f3xx_hal_tim.o
 .debug_frame   0x000048e4      0x688 ./Drivers/STM32F3xx_HAL_Driver/Src/stm32f3xx_hal_tim_ex.o
 .debug_frame   0x00004f6c      0x9e8 ./Drivers/STM32F3xx_HAL_Driver/Src/stm32f3xx_hal_uart.o
 .debug_frame   0x00005954       0x20 C:/ST/STM32CubeIDE_1.14.0/STM32CubeIDE/plugins/com.st.stm32cube.ide.mcu.externaltools.gnu-tools-for-stm32.12.3.rel1.win32_1.0.200.202406191623/tools/bin/../lib/gcc/arm-none-eabi/12.3.1/../../../../arm-none-eabi/lib/thumb/v7e-m+fp/hard\libc_nano.a(libc_a-memset.o)
 .debug_frame   0x00005974       0x2c C:/ST/STM32CubeIDE_1.14.0/STM32CubeIDE/plugins/com.st.stm32cube.ide.mcu.externaltools.gnu-tools-for-stm32.12.3.rel1.win32_1.0.200.202406191623/tools/bin/../lib/gcc/arm-none-eabi/12.3.1/../../../../arm-none-eabi/lib/thumb/v7e-m+fp/hard\libc_nano.a(libc_a-init.o)
 .debug_frame   0x000059a0       0xac C:/ST/STM32CubeIDE_1.14.0/STM32CubeIDE/plugins/com.st.stm32cube.ide.mcu.externaltools.gnu-tools-for-stm32.12.3.rel1.win32_1.0.200.202406191623/tools/bin/../lib/gcc/arm-none-eabi/12.3.1/thumb/v7e-m+fp/hard\libgcc.a(_arm_addsubdf3.o)
 .debug_frame   0x00005a4c       0x50 C:/ST/STM32CubeIDE_1.14.0/STM32CubeIDE/plugins/com.st.stm32cube.ide.mcu.externaltools.gnu-tools-for-stm32.12.3.rel1.win32_1.0.200.202406191623/tools/bin/../lib/gcc/arm-none-eabi/12.3.1/thumb/v7e-m+fp/hard\libgcc.a(_arm_muldivdf3.o)
 .debug_frame   0x00005a9c       0xc4 C:/ST/STM32CubeIDE_1.14.0/STM32CubeIDE/plugins/com.st.stm32cube.ide.mcu.externaltools.gnu-tools-for-stm32.12.3.rel1.win32_1.0.200.202406191623/tools/bin/../lib/gcc/arm-none-eabi/12.3.1/thumb/v7e-m+fp/hard\libgcc.a(_arm_cmpdf2.o)
 .debug_frame   0x00005b60       0x24 C:/ST/STM32CubeIDE_1.14.0/STM32CubeIDE/plugins/com.st.stm32cube.ide.mcu.externaltools.gnu-tools-for-stm32.12.3.rel1.win32_1.0.200.202406191623/tools/bin/../lib/gcc/arm-none-eabi/12.3.1/thumb/v7e-m+fp/hard\libgcc.a(_arm_fixdfsi.o)
 .debug_frame   0x00005b84       0x24 C:/ST/STM32CubeIDE_1.14.0/STM32CubeIDE/plugins/com.st.stm32cube.ide.mcu.externaltools.gnu-tools-for-stm32.12.3.rel1.win32_1.0.200.202406191623/tools/bin/../lib/gcc/arm-none-eabi/12.3.1/thumb/v7e-m+fp/hard\libgcc.a(_arm_truncdfsf2.o)
 .debug_frame   0x00005ba8       0x44 C:/ST/STM32CubeIDE_1.14.0/STM32CubeIDE/plugins/com.st.stm32cube.ide.mcu.externaltools.gnu-tools-for-stm32.12.3.rel1.win32_1.0.200.202406191623/tools/bin/../lib/gcc/arm-none-eabi/12.3.1/thumb/v7e-m+fp/hard\libgcc.a(_aeabi_ldivmod.o)
 .debug_frame   0x00005bec       0x34 C:/ST/STM32CubeIDE_1.14.0/STM32CubeIDE/plugins/com.st.stm32cube.ide.mcu.externaltools.gnu-tools-for-stm32.12.3.rel1.win32_1.0.200.202406191623/tools/bin/../lib/gcc/arm-none-eabi/12.3.1/thumb/v7e-m+fp/hard\libgcc.a(_udivmoddi4.o)

.debug_line_str
                0x00000000       0x69
 .debug_line_str