../Drivers/CMSIS/Include/core_cm4.h:2064:26:ITM_SendChar	16	static,ignoring_inline_asm
../Core/Src/syscalls.c:42:6:initialise_monitor_handles	4	static
../Core/Src/syscalls.c:45:5:_getpid	4	static
../Core/Src/syscalls.c:49:5:_kill	16	static
../Core/Src/syscalls.c:54:6:_exit	16	static
../Core/Src/syscalls.c:60:27:_read	32	static
../Core/Src/syscalls.c:70:27:_write	32	static
../Core/Src/syscalls.c:79:5:__io_putchar	16	static
../Core/Src/syscalls.c:86:5:_close	16	static
../Core/Src/syscalls.c:90:5:_fstat	16	static
../Core/Src/syscalls.c:95:5:_isatty	16	static
../Core/Src/syscalls.c:99:5:_lseek	24	static
../Core/Src/syscalls.c:103:5:_open	12	static
../Core/Src/syscalls.c:108:5:_wait	16	static
../Core/Src/syscalls.c:113:5:_unlink	16	static
../Core/Src/syscalls.c:118:5:_times	16	static
../Core/Src/syscalls.c:122:5:_stat	16	static
../Core/Src/syscalls.c:127:5:_link	16	static
../Core/Src/syscalls.c:132:5:_fork	8	static
../Core/Src/syscalls.c:137:5:_execve	24	static
